Archive member included to satisfy reference by file (symbol)

f:/stm/workbench/plugins/fr.ac6.mcu.externaltools.arm-none.win32_1.15.0.201708311556/tools/compiler/bin/../lib/gcc/arm-none-eabi/6.3.1/../../../../arm-none-eabi/lib/thumb/v7-m\libc_nano.a(lib_a-exit.o)
                              f:/stm/workbench/plugins/fr.ac6.mcu.externaltools.arm-none.win32_1.15.0.201708311556/tools/compiler/bin/../lib/gcc/arm-none-eabi/6.3.1/../../../../arm-none-eabi/lib/thumb/v7-m/crt0.o (exit)
f:/stm/workbench/plugins/fr.ac6.mcu.externaltools.arm-none.win32_1.15.0.201708311556/tools/compiler/bin/../lib/gcc/arm-none-eabi/6.3.1/../../../../arm-none-eabi/lib/thumb/v7-m\libc_nano.a(lib_a-impure.o)
                              f:/stm/workbench/plugins/fr.ac6.mcu.externaltools.arm-none.win32_1.15.0.201708311556/tools/compiler/bin/../lib/gcc/arm-none-eabi/6.3.1/../../../../arm-none-eabi/lib/thumb/v7-m\libc_nano.a(lib_a-exit.o) (_global_impure_ptr)
f:/stm/workbench/plugins/fr.ac6.mcu.externaltools.arm-none.win32_1.15.0.201708311556/tools/compiler/bin/../lib/gcc/arm-none-eabi/6.3.1/../../../../arm-none-eabi/lib/thumb/v7-m\libc_nano.a(lib_a-init.o)
                              f:/stm/workbench/plugins/fr.ac6.mcu.externaltools.arm-none.win32_1.15.0.201708311556/tools/compiler/bin/../lib/gcc/arm-none-eabi/6.3.1/../../../../arm-none-eabi/lib/thumb/v7-m/crt0.o (__libc_init_array)
f:/stm/workbench/plugins/fr.ac6.mcu.externaltools.arm-none.win32_1.15.0.201708311556/tools/compiler/bin/../lib/gcc/arm-none-eabi/6.3.1/../../../../arm-none-eabi/lib/thumb/v7-m\libc_nano.a(lib_a-memset.o)
                              f:/stm/workbench/plugins/fr.ac6.mcu.externaltools.arm-none.win32_1.15.0.201708311556/tools/compiler/bin/../lib/gcc/arm-none-eabi/6.3.1/../../../../arm-none-eabi/lib/thumb/v7-m/crt0.o (memset)
f:/stm/workbench/plugins/fr.ac6.mcu.externaltools.arm-none.win32_1.15.0.201708311556/tools/compiler/bin/../lib/gcc/arm-none-eabi/6.3.1/../../../../arm-none-eabi/lib/thumb/v7-m\libc_nano.a(lib_a-sprintf.o)
                              Application/User/main.o (sprintf)
f:/stm/workbench/plugins/fr.ac6.mcu.externaltools.arm-none.win32_1.15.0.201708311556/tools/compiler/bin/../lib/gcc/arm-none-eabi/6.3.1/../../../../arm-none-eabi/lib/thumb/v7-m\libc_nano.a(lib_a-nano-svfprintf.o)
                              f:/stm/workbench/plugins/fr.ac6.mcu.externaltools.arm-none.win32_1.15.0.201708311556/tools/compiler/bin/../lib/gcc/arm-none-eabi/6.3.1/../../../../arm-none-eabi/lib/thumb/v7-m\libc_nano.a(lib_a-sprintf.o) (_svfprintf_r)
f:/stm/workbench/plugins/fr.ac6.mcu.externaltools.arm-none.win32_1.15.0.201708311556/tools/compiler/bin/../lib/gcc/arm-none-eabi/6.3.1/../../../../arm-none-eabi/lib/thumb/v7-m\libc_nano.a(lib_a-nano-vfprintf_i.o)
                              f:/stm/workbench/plugins/fr.ac6.mcu.externaltools.arm-none.win32_1.15.0.201708311556/tools/compiler/bin/../lib/gcc/arm-none-eabi/6.3.1/../../../../arm-none-eabi/lib/thumb/v7-m\libc_nano.a(lib_a-nano-svfprintf.o) (_printf_i)
f:/stm/workbench/plugins/fr.ac6.mcu.externaltools.arm-none.win32_1.15.0.201708311556/tools/compiler/bin/../lib/gcc/arm-none-eabi/6.3.1/../../../../arm-none-eabi/lib/thumb/v7-m\libc_nano.a(lib_a-memchr-stub.o)
                              f:/stm/workbench/plugins/fr.ac6.mcu.externaltools.arm-none.win32_1.15.0.201708311556/tools/compiler/bin/../lib/gcc/arm-none-eabi/6.3.1/../../../../arm-none-eabi/lib/thumb/v7-m\libc_nano.a(lib_a-nano-svfprintf.o) (memchr)
f:/stm/workbench/plugins/fr.ac6.mcu.externaltools.arm-none.win32_1.15.0.201708311556/tools/compiler/bin/../lib/gcc/arm-none-eabi/6.3.1/../../../../arm-none-eabi/lib/thumb/v7-m\libc_nano.a(lib_a-memcpy-stub.o)
                              f:/stm/workbench/plugins/fr.ac6.mcu.externaltools.arm-none.win32_1.15.0.201708311556/tools/compiler/bin/../lib/gcc/arm-none-eabi/6.3.1/../../../../arm-none-eabi/lib/thumb/v7-m\libc_nano.a(lib_a-nano-svfprintf.o) (memcpy)
f:/stm/workbench/plugins/fr.ac6.mcu.externaltools.arm-none.win32_1.15.0.201708311556/tools/compiler/bin/../lib/gcc/arm-none-eabi/6.3.1/../../../../arm-none-eabi/lib/thumb/v7-m\libc_nano.a(lib_a-memmove.o)
                              f:/stm/workbench/plugins/fr.ac6.mcu.externaltools.arm-none.win32_1.15.0.201708311556/tools/compiler/bin/../lib/gcc/arm-none-eabi/6.3.1/../../../../arm-none-eabi/lib/thumb/v7-m\libc_nano.a(lib_a-nano-svfprintf.o) (memmove)
f:/stm/workbench/plugins/fr.ac6.mcu.externaltools.arm-none.win32_1.15.0.201708311556/tools/compiler/bin/../lib/gcc/arm-none-eabi/6.3.1/../../../../arm-none-eabi/lib/thumb/v7-m\libc_nano.a(lib_a-nano-freer.o)
                              f:/stm/workbench/plugins/fr.ac6.mcu.externaltools.arm-none.win32_1.15.0.201708311556/tools/compiler/bin/../lib/gcc/arm-none-eabi/6.3.1/../../../../arm-none-eabi/lib/thumb/v7-m\libc_nano.a(lib_a-nano-svfprintf.o) (_free_r)
[...]
Memory Configuration

Name             Origin             Length             Attributes
RAM              0x20000000         0x00005000         xrw
FLASH            0x08000000         0x00020000         xr
*default*        0x00000000         0xffffffff

Linker script and memory map

LOAD f:/stm/workbench/plugins/fr.ac6.mcu.externaltools.arm-none.win32_1.15.0.201708311556/tools/compiler/bin/../lib/gcc/arm-none-eabi/6.3.1/thumb/v7-m/crti.o
LOAD f:/stm/workbench/plugins/fr.ac6.mcu.externaltools.arm-none.win32_1.15.0.201708311556/tools/compiler/bin/../lib/gcc/arm-none-eabi/6.3.1/thumb/v7-m/crtbegin.o
LOAD f:/stm/workbench/plugins/fr.ac6.mcu.externaltools.arm-none.win32_1.15.0.201708311556/tools/compiler/bin/../lib/gcc/arm-none-eabi/6.3.1/../../../../arm-none-eabi/lib/thumb/v7-m/crt0.o
LOAD Application/SW4STM32/startup_stm32f103xb.o
LOAD Application/User/main.o
LOAD Application/User/stm32f1xx_hal_msp.o
LOAD Application/User/stm32f1xx_it.o
LOAD Drivers/CMSIS/system_stm32f1xx.o
LOAD Drivers/STM32F1xx_HAL_Driver/stm32f1xx_hal.o
LOAD Drivers/STM32F1xx_HAL_Driver/stm32f1xx_hal_cortex.o
LOAD Drivers/STM32F1xx_HAL_Driver/stm32f1xx_hal_dma.o
LOAD Drivers/STM32F1xx_HAL_Driver/stm32f1xx_hal_flash.o
LOAD Drivers/STM32F1xx_HAL_Driver/stm32f1xx_hal_flash_ex.o
LOAD Drivers/STM32F1xx_HAL_Driver/stm32f1xx_hal_gpio.o
LOAD Drivers/STM32F1xx_HAL_Driver/stm32f1xx_hal_gpio_ex.o
LOAD Drivers/STM32F1xx_HAL_Driver/stm32f1xx_hal_pwr.o
LOAD Drivers/STM32F1xx_HAL_Driver/stm32f1xx_hal_rcc.o
LOAD Drivers/STM32F1xx_HAL_Driver/stm32f1xx_hal_rcc_ex.o
LOAD Drivers/STM32F1xx_HAL_Driver/stm32f1xx_hal_tim.o
LOAD Drivers/STM32F1xx_HAL_Driver/stm32f1xx_hal_tim_ex.o
LOAD Drivers/STM32F1xx_HAL_Driver/stm32f1xx_hal_uart.o
LOAD f:/stm/workbench/plugins/fr.ac6.mcu.externaltools.arm-none.win32_1.15.0.201708311556/tools/compiler/bin/../lib/gcc/arm-none-eabi/6.3.1/../../../../arm-none-eabi/lib/thumb/v7-m\libm.a
START GROUP
LOAD f:/stm/workbench/plugins/fr.ac6.mcu.externaltools.arm-none.win32_1.15.0.201708311556/tools/compiler/bin/../lib/gcc/arm-none-eabi/6.3.1/thumb/v7-m\libgcc.a
LOAD f:/stm/workbench/plugins/fr.ac6.mcu.externaltools.arm-none.win32_1.15.0.201708311556/tools/compiler/bin/../lib/gcc/arm-none-eabi/6.3.1/../../../../arm-none-eabi/lib/thumb/v7-m\libc_nano.a
END GROUP
START GROUP
LOAD f:/stm/workbench/plugins/fr.ac6.mcu.externaltools.arm-none.win32_1.15.0.201708311556/tools/compiler/bin/../lib/gcc/arm-none-eabi/6.3.1/thumb/v7-m\libgcc.a
LOAD f:/stm/workbench/plugins/fr.ac6.mcu.externaltools.arm-none.win32_1.15.0.201708311556/tools/compiler/bin/../lib/gcc/arm-none-eabi/6.3.1/../../../../arm-none-eabi/lib/thumb/v7-m\libc_nano.a
LOAD f:/stm/workbench/plugins/fr.ac6.mcu.externaltools.arm-none.win32_1.15.0.201708311556/tools/compiler/bin/../lib/gcc/arm-none-eabi/6.3.1/../../../../arm-none-eabi/lib/thumb/v7-m\libnosys.a
END GROUP
START GROUP
LOAD f:/stm/workbench/plugins/fr.ac6.mcu.externaltools.arm-none.win32_1.15.0.201708311556/tools/compiler/bin/../lib/gcc/arm-none-eabi/6.3.1/thumb/v7-m\libgcc.a
LOAD f:/stm/workbench/plugins/fr.ac6.mcu.externaltools.arm-none.win32_1.15.0.201708311556/tools/compiler/bin/../lib/gcc/arm-none-eabi/6.3.1/../../../../arm-none-eabi/lib/thumb/v7-m\libc_nano.a
LOAD f:/stm/workbench/plugins/fr.ac6.mcu.externaltools.arm-none.win32_1.15.0.201708311556/tools/compiler/bin/../lib/gcc/arm-none-eabi/6.3.1/../../../../arm-none-eabi/lib/thumb/v7-m\libnosys.a
END GROUP
LOAD f:/stm/workbench/plugins/fr.ac6.mcu.externaltools.arm-none.win32_1.15.0.201708311556/tools/compiler/bin/../lib/gcc/arm-none-eabi/6.3.1/thumb/v7-m/crtend.o
LOAD f:/stm/workbench/plugins/fr.ac6.mcu.externaltools.arm-none.win32_1.15.0.201708311556/tools/compiler/bin/../lib/gcc/arm-none-eabi/6.3.1/thumb/v7-m/crtn.o
                0x20005000                _estack = 0x20005000
                0x00000200                _Min_Heap_Size = 0x200
                0x00000400                _Min_Stack_Size = 0x400

.isr_vector     0x08000000      0x10c
                0x08000000                . = ALIGN (0x4)
 *(.isr_vector)
 .isr_vector    0x08000000      0x10c Application/SW4STM32/startup_stm32f103xb.o
                0x08000000                g_pfnVectors
                0x0800010c                . = ALIGN (0x4)

.text           0x0800010c     0x210c
                0x0800010c                . = ALIGN (0x4)
 *(.text)
 .text          0x0800010c       0x6c f:/stm/workbench/plugins/fr.ac6.mcu.externaltools.arm-none.win32_1.15.0.201708311556/tools/compiler/bin/../lib/gcc/arm-none-eabi/6.3.1/thumb/v7-m/crtbegin.o
 *(.text*)
 .text.Reset_Handler
                0x08000178       0x48 Application/SW4STM32/startup_stm32f103xb.o
                0x08000178                Reset_Handler
 .text.Default_Handler
                0x080001c0        0x2 Application/SW4STM32/startup_stm32f103xb.o
                0x080001c0                RTC_Alarm_IRQHandler
                0x080001c0                EXTI2_IRQHandler
                0x080001c0                TIM1_CC_IRQHandler
                0x080001c0                PVD_IRQHandler
                0x080001c0                EXTI3_IRQHandler
                0x080001c0                EXTI0_IRQHandler
                0x080001c0                I2C2_EV_IRQHandler
                0x080001c0                ADC1_2_IRQHandler
                0x080001c0                SPI1_IRQHandler
                0x080001c0                TAMPER_IRQHandler
                0x080001c0                DMA1_Channel4_IRQHandler
                0x080001c0                USART3_IRQHandler
                0x080001c0                RTC_IRQHandler
                0x080001c0                CAN1_RX1_IRQHandler
                0x080001c0                TIM4_IRQHandler
                0x080001c0                I2C1_EV_IRQHandler
                0x080001c0                TIM3_IRQHandler
                0x080001c0                RCC_IRQHandler
                0x080001c0                TIM1_TRG_COM_IRQHandler
                0x080001c0                DMA1_Channel1_IRQHandler
                0x080001c0                Default_Handler
                0x080001c0                EXTI9_5_IRQHandler
                0x080001c0                SPI2_IRQHandler
                0x080001c0                DMA1_Channel5_IRQHandler
                0x080001c0                EXTI4_IRQHandler
                0x080001c0                USB_LP_CAN1_RX0_IRQHandler
                0x080001c0                USB_HP_CAN1_TX_IRQHandler
                0x080001c0                DMA1_Channel3_IRQHandler
                0x080001c0                TIM1_UP_IRQHandler
                0x080001c0                WWDG_IRQHandler
                0x080001c0                TIM2_IRQHandler
                0x080001c0                TIM1_BRK_IRQHandler
                0x080001c0                EXTI1_IRQHandler
                0x080001c0                I2C2_ER_IRQHandler
                0x080001c0                DMA1_Channel2_IRQHandler
                0x080001c0                CAN1_SCE_IRQHandler
                0x080001c0                FLASH_IRQHandler
                0x080001c0                USART1_IRQHandler
                0x080001c0                I2C1_ER_IRQHandler
                0x080001c0                USBWakeUp_IRQHandler
 *fill*         0x080001c2        0x2 
 .text.MX_GPIO_Init
                0x080001c4       0x84 Application/User/main.o
 .text.MX_DMA_Init
                0x08000248       0x44 Application/User/main.o
 .text.HAL_GPIO_EXTI_Callback
                0x0800028c       0x2c Application/User/main.o
                0x0800028c                HAL_GPIO_EXTI_Callback
 .text.HAL_UART_RxCpltCallback
                0x080002b8       0x3c Application/User/main.o
                0x080002b8                HAL_UART_RxCpltCallback
 .text._Error_Handler
                0x080002f4        0x2 Application/User/main.o
                0x080002f4                _Error_Handler
 *fill*         0x080002f6        0x2 
 .text.MX_USART2_UART_Init
                0x080002f8       0x3c Application/User/main.o
 .text.SystemClock_Config
                0x08000334       0x74 Application/User/main.o
                0x08000334                SystemClock_Config
 .text.main     0x080003a8       0x2c Application/User/main.o
                0x080003a8                main
 .text.HAL_MspInit
                0x080003d4       0x94 Application/User/stm32f1xx_hal_msp.o
                0x080003d4                HAL_MspInit
 .text.HAL_UART_MspInit
                0x08000468       0xe0 Application/User/stm32f1xx_hal_msp.o
                0x08000468                HAL_UART_MspInit
 .text.NMI_Handler
                0x08000548        0x2 Application/User/stm32f1xx_it.o
                0x08000548                NMI_Handler
 .text.HardFault_Handler
                0x0800054a        0x2 Application/User/stm32f1xx_it.o
                0x0800054a                HardFault_Handler
 .text.MemManage_Handler
                0x0800054c        0x2 Application/User/stm32f1xx_it.o
                0x0800054c                MemManage_Handler
 .text.BusFault_Handler
                0x0800054e        0x2 Application/User/stm32f1xx_it.o
                0x0800054e                BusFault_Handler
 .text.UsageFault_Handler
                0x08000550        0x2 Application/User/stm32f1xx_it.o
                0x08000550                UsageFault_Handler
 .text.SVC_Handler
                0x08000552        0x2 Application/User/stm32f1xx_it.o
                0x08000552                SVC_Handler
 .text.DebugMon_Handler
                0x08000554        0x2 Application/User/stm32f1xx_it.o
                0x08000554                DebugMon_Handler
 .text.PendSV_Handler
                0x08000556        0x2 Application/User/stm32f1xx_it.o
                0x08000556                PendSV_Handler
 .text.SysTick_Handler
                0x08000558        0xc Application/User/stm32f1xx_it.o
                0x08000558                SysTick_Handler
 .text.DMA1_Channel6_IRQHandler
                0x08000564       0x10 Application/User/stm32f1xx_it.o
                0x08000564                DMA1_Channel6_IRQHandler
 .text.DMA1_Channel7_IRQHandler
                0x08000574       0x10 Application/User/stm32f1xx_it.o
                0x08000574                DMA1_Channel7_IRQHandler
 .text.USART2_IRQHandler
                0x08000584       0x10 Application/User/stm32f1xx_it.o
                0x08000584                USART2_IRQHandler
 .text.EXTI15_10_IRQHandler
                0x08000594        0xc Application/User/stm32f1xx_it.o
                0x08000594                EXTI15_10_IRQHandler
 .text.SystemInit
                0x080005a0       0x4c Drivers/CMSIS/system_stm32f1xx.o
                0x080005a0                SystemInit
 .text.HAL_InitTick
                0x080005ec       0x2c Drivers/STM32F1xx_HAL_Driver/stm32f1xx_hal.o
                0x080005ec                HAL_InitTick
 .text.HAL_Init
                0x08000618       0x24 Drivers/STM32F1xx_HAL_Driver/stm32f1xx_hal.o
                0x08000618                HAL_Init
 .text.HAL_IncTick
                0x0800063c       0x10 Drivers/STM32F1xx_HAL_Driver/stm32f1xx_hal.o
                0x0800063c                HAL_IncTick
 .text.HAL_GetTick
                0x0800064c        0xc Drivers/STM32F1xx_HAL_Driver/stm32f1xx_hal.o
                0x0800064c                HAL_GetTick
 .text.HAL_NVIC_SetPriorityGrouping
                0x08000658       0x24 Drivers/STM32F1xx_HAL_Driver/stm32f1xx_hal_cortex.o
                0x08000658                HAL_NVIC_SetPriorityGrouping
 .text.HAL_NVIC_SetPriority
                0x0800067c       0x64 Drivers/STM32F1xx_HAL_Driver/stm32f1xx_hal_cortex.o
                0x0800067c                HAL_NVIC_SetPriority
 .text.HAL_NVIC_EnableIRQ
                0x080006e0       0x18 Drivers/STM32F1xx_HAL_Driver/stm32f1xx_hal_cortex.o
                0x080006e0                HAL_NVIC_EnableIRQ
 .text.HAL_SYSTICK_Config
                0x080006f8       0x2c Drivers/STM32F1xx_HAL_Driver/stm32f1xx_hal_cortex.o
                0x080006f8                HAL_SYSTICK_Config
 .text.HAL_SYSTICK_CLKSourceConfig
                0x08000724       0x20 Drivers/STM32F1xx_HAL_Driver/stm32f1xx_hal_cortex.o
                0x08000724                HAL_SYSTICK_CLKSourceConfig
 .text.HAL_SYSTICK_Callback
                0x08000744        0x2 Drivers/STM32F1xx_HAL_Driver/stm32f1xx_hal_cortex.o
                0x08000744                HAL_SYSTICK_Callback
 .text.HAL_SYSTICK_IRQHandler
                0x08000746        0x8 Drivers/STM32F1xx_HAL_Driver/stm32f1xx_hal_cortex.o
                0x08000746                HAL_SYSTICK_IRQHandler
 .text.DMA_SetConfig
                0x0800074e       0x2c Drivers/STM32F1xx_HAL_Driver/stm32f1xx_hal_dma.o
 *fill*         0x0800077a        0x2 
 .text.HAL_DMA_Init
                0x0800077c       0x78 Drivers/STM32F1xx_HAL_Driver/stm32f1xx_hal_dma.o
                0x0800077c                HAL_DMA_Init
 .text.HAL_DMA_Start_IT
                0x080007f4       0x74 Drivers/STM32F1xx_HAL_Driver/stm32f1xx_hal_dma.o
                0x080007f4                HAL_DMA_Start_IT
 .text.HAL_DMA_Abort_IT
                0x08000868       0x98 Drivers/STM32F1xx_HAL_Driver/stm32f1xx_hal_dma.o
                0x08000868                HAL_DMA_Abort_IT
 .text.HAL_DMA_IRQHandler
                0x08000900      0x144 Drivers/STM32F1xx_HAL_Driver/stm32f1xx_hal_dma.o
                0x08000900                HAL_DMA_IRQHandler
 .text.HAL_GPIO_Init
                0x08000a44      0x1ec Drivers/STM32F1xx_HAL_Driver/stm32f1xx_hal_gpio.o
                0x08000a44                HAL_GPIO_Init
 .text.HAL_GPIO_WritePin
                0x08000c30        0xc Drivers/STM32F1xx_HAL_Driver/stm32f1xx_hal_gpio.o
                0x08000c30                HAL_GPIO_WritePin
 .text.HAL_GPIO_TogglePin
                0x08000c3c        0x8 Drivers/STM32F1xx_HAL_Driver/stm32f1xx_hal_gpio.o
                0x08000c3c                HAL_GPIO_TogglePin
 .text.HAL_GPIO_EXTI_IRQHandler
                0x08000c44       0x1c Drivers/STM32F1xx_HAL_Driver/stm32f1xx_hal_gpio.o
                0x08000c44                HAL_GPIO_EXTI_IRQHandler
 .text.RCC_Delay
                0x08000c60       0x2c Drivers/STM32F1xx_HAL_Driver/stm32f1xx_hal_rcc.o
 .text.HAL_RCC_OscConfig
                0x08000c8c      0x3e0 Drivers/STM32F1xx_HAL_Driver/stm32f1xx_hal_rcc.o
                0x08000c8c                HAL_RCC_OscConfig
 .text.HAL_RCC_GetSysClockFreq
                0x0800106c       0x6c Drivers/STM32F1xx_HAL_Driver/stm32f1xx_hal_rcc.o
                0x0800106c                HAL_RCC_GetSysClockFreq
 .text.HAL_RCC_ClockConfig
                0x080010d8      0x178 Drivers/STM32F1xx_HAL_Driver/stm32f1xx_hal_rcc.o
                0x080010d8                HAL_RCC_ClockConfig
 .text.HAL_RCC_GetHCLKFreq
                0x08001250        0xc Drivers/STM32F1xx_HAL_Driver/stm32f1xx_hal_rcc.o
                0x08001250                HAL_RCC_GetHCLKFreq
 .text.HAL_RCC_GetPCLK1Freq
                0x0800125c       0x20 Drivers/STM32F1xx_HAL_Driver/stm32f1xx_hal_rcc.o
                0x0800125c                HAL_RCC_GetPCLK1Freq
 .text.HAL_RCC_GetPCLK2Freq
                0x0800127c       0x20 Drivers/STM32F1xx_HAL_Driver/stm32f1xx_hal_rcc.o
                0x0800127c                HAL_RCC_GetPCLK2Freq
 .text.UART_EndTxTransfer
                0x0800129c       0x12 Drivers/STM32F1xx_HAL_Driver/stm32f1xx_hal_uart.o
 .text.UART_EndRxTransfer
                0x080012ae       0x1c Drivers/STM32F1xx_HAL_Driver/stm32f1xx_hal_uart.o
 .text.UART_Transmit_IT
                0x080012ca       0x6a Drivers/STM32F1xx_HAL_Driver/stm32f1xx_hal_uart.o
 .text.UART_SetConfig
                0x08001334      0x1b0 Drivers/STM32F1xx_HAL_Driver/stm32f1xx_hal_uart.o
 .text.HAL_UART_Init
                0x080014e4       0x5e Drivers/STM32F1xx_HAL_Driver/stm32f1xx_hal_uart.o
                0x080014e4                HAL_UART_Init
 *fill*         0x08001542        0x2 
 .text.HAL_UART_Transmit_DMA
                0x08001544       0x8c Drivers/STM32F1xx_HAL_Driver/stm32f1xx_hal_uart.o
                0x08001544                HAL_UART_Transmit_DMA
 .text.HAL_UART_Receive_DMA
                0x080015d0       0xa8 Drivers/STM32F1xx_HAL_Driver/stm32f1xx_hal_uart.o
                0x080015d0                HAL_UART_Receive_DMA
 .text.HAL_UART_TxCpltCallback
                0x08001678        0x2 Drivers/STM32F1xx_HAL_Driver/stm32f1xx_hal_uart.o
                0x08001678                HAL_UART_TxCpltCallback
 .text.UART_DMATransmitCplt
                0x0800167a       0x30 Drivers/STM32F1xx_HAL_Driver/stm32f1xx_hal_uart.o
 .text.UART_EndTransmit_IT
                0x080016aa       0x1a Drivers/STM32F1xx_HAL_Driver/stm32f1xx_hal_uart.o
 .text.HAL_UART_TxHalfCpltCallback
                0x080016c4        0x2 Drivers/STM32F1xx_HAL_Driver/stm32f1xx_hal_uart.o
                0x080016c4                HAL_UART_TxHalfCpltCallback
 .text.UART_DMATxHalfCplt
                0x080016c6        0xa Drivers/STM32F1xx_HAL_Driver/stm32f1xx_hal_uart.o
 .text.UART_DMAReceiveCplt
                0x080016d0       0x3e Drivers/STM32F1xx_HAL_Driver/stm32f1xx_hal_uart.o
 .text.UART_Receive_IT
                0x0800170e       0x9e Drivers/STM32F1xx_HAL_Driver/stm32f1xx_hal_uart.o
 .text.HAL_UART_RxHalfCpltCallback
                0x080017ac        0x2 Drivers/STM32F1xx_HAL_Driver/stm32f1xx_hal_uart.o
                0x080017ac                HAL_UART_RxHalfCpltCallback
 .text.UART_DMARxHalfCplt
                0x080017ae        0xa Drivers/STM32F1xx_HAL_Driver/stm32f1xx_hal_uart.o
 .text.HAL_UART_ErrorCallback
                0x080017b8        0x2 Drivers/STM32F1xx_HAL_Driver/stm32f1xx_hal_uart.o
                0x080017b8                HAL_UART_ErrorCallback
 .text.UART_DMAError
                0x080017ba       0x58 Drivers/STM32F1xx_HAL_Driver/stm32f1xx_hal_uart.o
 *fill*         0x08001812        0x2 
 .text.HAL_UART_IRQHandler
                0x08001814      0x120 Drivers/STM32F1xx_HAL_Driver/stm32f1xx_hal_uart.o
                0x08001814                HAL_UART_IRQHandler
 .text.UART_DMAAbortOnError
                0x08001934       0x10 Drivers/STM32F1xx_HAL_Driver/stm32f1xx_hal_uart.o
 .text.__libc_init_array
                0x08001944       0x48 f:/stm/workbench/plugins/fr.ac6.mcu.externaltools.arm-none.win32_1.15.0.201708311556/tools/compiler/bin/../lib/gcc/arm-none-eabi/6.3.1/../../../../arm-none-eabi/lib/thumb/v7-m\libc_nano.a(lib_a-init.o)
                0x08001944                __libc_init_array
 .text.sprintf  0x0800198c       0x48 f:/stm/workbench/plugins/fr.ac6.mcu.externaltools.arm-none.win32_1.15.0.201708311556/tools/compiler/bin/../lib/gcc/arm-none-eabi/6.3.1/../../../../arm-none-eabi/lib/thumb/v7-m\libc_nano.a(lib_a-sprintf.o)
                0x0800198c                siprintf
                0x0800198c                sprintf
 .text.__ssputs_r
                0x080019d4       0xb6 f:/stm/workbench/plugins/fr.ac6.mcu.externaltools.arm-none.win32_1.15.0.201708311556/tools/compiler/bin/../lib/gcc/arm-none-eabi/6.3.1/../../../../arm-none-eabi/lib/thumb/v7-m\libc_nano.a(lib_a-nano-svfprintf.o)
                0x080019d4                __ssputs_r
 *fill*         0x08001a8a        0x2 
 .text._svfprintf_r
                0x08001a8c      0x1e8 f:/stm/workbench/plugins/fr.ac6.mcu.externaltools.arm-none.win32_1.15.0.201708311556/tools/compiler/bin/../lib/gcc/arm-none-eabi/6.3.1/../../../../arm-none-eabi/lib/thumb/v7-m\libc_nano.a(lib_a-nano-svfprintf.o)
                0x08001a8c                _svfiprintf_r
                0x08001a8c                _svfprintf_r
 .text._printf_common
                0x08001c74       0xee f:/stm/workbench/plugins/fr.ac6.mcu.externaltools.arm-none.win32_1.15.0.201708311556/tools/compiler/bin/../lib/gcc/arm-none-eabi/6.3.1/../../../../arm-none-eabi/lib/thumb/v7-m\libc_nano.a(lib_a-nano-vfprintf_i.o)
                0x08001c74                _printf_common
 *fill*         0x08001d62        0x2 
 .text._printf_i
                0x08001d64      0x240 f:/stm/workbench/plugins/fr.ac6.mcu.externaltools.arm-none.win32_1.15.0.201708311556/tools/compiler/bin/../lib/gcc/arm-none-eabi/6.3.1/../../../../arm-none-eabi/lib/thumb/v7-m\libc_nano.a(lib_a-nano-vfprintf_i.o)
                0x08001d64                _printf_i
 .text.memchr   0x08001fa4       0x1c f:/stm/workbench/plugins/fr.ac6.mcu.externaltools.arm-none.win32_1.15.0.201708311556/tools/compiler/bin/../lib/gcc/arm-none-eabi/6.3.1/../../../../arm-none-eabi/lib/thumb/v7-m\libc_nano.a(lib_a-memchr-stub.o)
                0x08001fa4                memchr
 .text.memcpy   0x08001fc0       0x16 f:/stm/workbench/plugins/fr.ac6.mcu.externaltools.arm-none.win32_1.15.0.201708311556/tools/compiler/bin/../lib/gcc/arm-none-eabi/6.3.1/../../../../arm-none-eabi/lib/thumb/v7-m\libc_nano.a(lib_a-memcpy-stub.o)
                0x08001fc0                memcpy
 .text.memmove  0x08001fd6       0x34 f:/stm/workbench/plugins/fr.ac6.mcu.externaltools.arm-none.win32_1.15.0.201708311556/tools/compiler/bin/../lib/gcc/arm-none-eabi/6.3.1/../../../../arm-none-eabi/lib/thumb/v7-m\libc_nano.a(lib_a-memmove.o)
                0x08001fd6                memmove
 *fill*         0x0800200a        0x2 
 .text._free_r  0x0800200c       0x98 f:/stm/workbench/plugins/fr.ac6.mcu.externaltools.arm-none.win32_1.15.0.201708311556/tools/compiler/bin/../lib/gcc/arm-none-eabi/6.3.1/../../../../arm-none-eabi/lib/thumb/v7-m\libc_nano.a(lib_a-nano-freer.o)
                0x0800200c                _free_r
 .text._malloc_r
                0x080020a4       0xbc f:/stm/workbench/plugins/fr.ac6.mcu.externaltools.arm-none.win32_1.15.0.201708311556/tools/compiler/bin/../lib/gcc/arm-none-eabi/6.3.1/../../../../arm-none-eabi/lib/thumb/v7-m\libc_nano.a(lib_a-nano-mallocr.o)
                0x080020a4                _malloc_r
 .text._realloc_r
                0x08002160       0x4c f:/stm/workbench/plugins/fr.ac6.mcu.externaltools.arm-none.win32_1.15.0.201708311556/tools/compiler/bin/../lib/gcc/arm-none-eabi/6.3.1/../../../../arm-none-eabi/lib/thumb/v7-m\libc_nano.a(lib_a-nano-reallocr.o)
                0x08002160                _realloc_r
 .text._sbrk_r  0x080021ac       0x20 f:/stm/workbench/plugins/fr.ac6.mcu.externaltools.arm-none.win32_1.15.0.201708311556/tools/compiler/bin/../lib/gcc/arm-none-eabi/6.3.1/../../../../arm-none-eabi/lib/thumb/v7-m\libc_nano.a(lib_a-sbrkr.o)
                0x080021ac                _sbrk_r
 .text.__malloc_lock
                0x080021cc        0x2 f:/stm/workbench/plugins/fr.ac6.mcu.externaltools.arm-none.win32_1.15.0.201708311556/tools/compiler/bin/../lib/gcc/arm-none-eabi/6.3.1/../../../../arm-none-eabi/lib/thumb/v7-m\libc_nano.a(lib_a-mlock.o)
                0x080021cc                __malloc_lock
 .text.__malloc_unlock
                0x080021ce        0x2 f:/stm/workbench/plugins/fr.ac6.mcu.externaltools.arm-none.win32_1.15.0.201708311556/tools/compiler/bin/../lib/gcc/arm-none-eabi/6.3.1/../../../../arm-none-eabi/lib/thumb/v7-m\libc_nano.a(lib_a-mlock.o)
                0x080021ce                __malloc_unlock
 .text._malloc_usable_size_r
                0x080021d0       0x12 f:/stm/workbench/plugins/fr.ac6.mcu.externaltools.arm-none.win32_1.15.0.201708311556/tools/compiler/bin/../lib/gcc/arm-none-eabi/6.3.1/../../../../arm-none-eabi/lib/thumb/v7-m\libc_nano.a(lib_a-nano-msizer.o)
                0x080021d0                _malloc_usable_size_r
 *fill*         0x080021e2        0x2 
 .text._sbrk    0x080021e4       0x1c f:/stm/workbench/plugins/fr.ac6.mcu.externaltools.arm-none.win32_1.15.0.201708311556/tools/compiler/bin/../lib/gcc/arm-none-eabi/6.3.1/../../../../arm-none-eabi/lib/thumb/v7-m\libnosys.a(sbrk.o)
                0x080021e4                _sbrk
 *(.glue_7)
 .glue_7        0x08002200        0x0 linker stubs
 *(.glue_7t)
 .glue_7t       0x08002200        0x0 linker stubs
 *(.eh_frame)
 .eh_frame      0x08002200        0x0 f:/stm/workbench/plugins/fr.ac6.mcu.externaltools.arm-none.win32_1.15.0.201708311556/tools/compiler/bin/../lib/gcc/arm-none-eabi/6.3.1/thumb/v7-m/crtbegin.o
 *(.init)
 .init          0x08002200        0x4 f:/stm/workbench/plugins/fr.ac6.mcu.externaltools.arm-none.win32_1.15.0.201708311556/tools/compiler/bin/../lib/gcc/arm-none-eabi/6.3.1/thumb/v7-m/crti.o
                0x08002200                _init
 .init          0x08002204        0x8 f:/stm/workbench/plugins/fr.ac6.mcu.externaltools.arm-none.win32_1.15.0.201708311556/tools/compiler/bin/../lib/gcc/arm-none-eabi/6.3.1/thumb/v7-m/crtn.o
 *(.fini)
 .fini          0x0800220c        0x4 f:/stm/workbench/plugins/fr.ac6.mcu.externaltools.arm-none.win32_1.15.0.201708311556/tools/compiler/bin/../lib/gcc/arm-none-eabi/6.3.1/thumb/v7-m/crti.o
                0x0800220c                _fini
 .fini          0x08002210        0x8 f:/stm/workbench/plugins/fr.ac6.mcu.externaltools.arm-none.win32_1.15.0.201708311556/tools/compiler/bin/../lib/gcc/arm-none-eabi/6.3.1/thumb/v7-m/crtn.o
                0x08002218                . = ALIGN (0x4)
                0x08002218                _etext = .

.vfp11_veneer   0x08002218        0x0
 .vfp11_veneer  0x08002218        0x0 linker stubs

.v4_bx          0x08002218        0x0
 .v4_bx         0x08002218        0x0 linker stubs

.iplt           0x08002218        0x0
 .iplt          0x08002218        0x0 f:/stm/workbench/plugins/fr.ac6.mcu.externaltools.arm-none.win32_1.15.0.201708311556/tools/compiler/bin/../lib/gcc/arm-none-eabi/6.3.1/thumb/v7-m/crtbegin.o

.rodata         0x08002218       0xc8
                0x08002218                . = ALIGN (0x4)
 *(.rodata)
 .rodata        0x08002218       0x18 Drivers/CMSIS/system_stm32f1xx.o
                0x08002218                AHBPrescTable
                0x08002228                APBPrescTable
 .rodata        0x08002230       0x12 Drivers/STM32F1xx_HAL_Driver/stm32f1xx_hal_rcc.o
 *(.rodata*)
 *fill*         0x08002242        0x2 
 .rodata.str1.4
                0x08002244       0x3b Application/User/main.o
 *fill*         0x0800227f        0x1 
 .rodata.str1.4
                0x08002280       0x2c Application/User/stm32f1xx_hal_msp.o
 .rodata._svfprintf_r.str1.1
                0x080022ac       0x11 f:/stm/workbench/plugins/fr.ac6.mcu.externaltools.arm-none.win32_1.15.0.201708311556/tools/compiler/bin/../lib/gcc/arm-none-eabi/6.3.1/../../../../arm-none-eabi/lib/thumb/v7-m\libc_nano.a(lib_a-nano-svfprintf.o)
 .rodata._printf_i.str1.1
                0x080022bd       0x22 f:/stm/workbench/plugins/fr.ac6.mcu.externaltools.arm-none.win32_1.15.0.201708311556/tools/compiler/bin/../lib/gcc/arm-none-eabi/6.3.1/../../../../arm-none-eabi/lib/thumb/v7-m\libc_nano.a(lib_a-nano-vfprintf_i.o)
                0x080022e0                . = ALIGN (0x4)
 *fill*         0x080022df        0x1 

.rel.dyn        0x080022e0        0x0
 .rel.iplt      0x080022e0        0x0 f:/stm/workbench/plugins/fr.ac6.mcu.externaltools.arm-none.win32_1.15.0.201708311556/tools/compiler/bin/../lib/gcc/arm-none-eabi/6.3.1/thumb/v7-m/crtbegin.o

.ARM.extab
 *(.ARM.extab* .gnu.linkonce.armextab.*)

.ARM            0x080022e0        0x0
                0x080022e0                __exidx_start = .
 *(.ARM.exidx*)
                0x080022e0                __exidx_end = .

.preinit_array  0x080022e0        0x0
                0x080022e0                PROVIDE (__preinit_array_start, .)
 *(.preinit_array*)
                0x080022e0                PROVIDE (__preinit_array_end, .)

.init_array     0x080022e0        0x4
                0x080022e0                PROVIDE (__init_array_start, .)
 *(SORT(.init_array.*))
 *(.init_array*)
 .init_array    0x080022e0        0x4 f:/stm/workbench/plugins/fr.ac6.mcu.externaltools.arm-none.win32_1.15.0.201708311556/tools/compiler/bin/../lib/gcc/arm-none-eabi/6.3.1/thumb/v7-m/crtbegin.o
                0x080022e4                PROVIDE (__init_array_end, .)

.fini_array     0x080022e4        0x4
                [!provide]                PROVIDE (__fini_array_start, .)
 *(SORT(.fini_array.*))
 *(.fini_array*)
 .fini_array    0x080022e4        0x4 f:/stm/workbench/plugins/fr.ac6.mcu.externaltools.arm-none.win32_1.15.0.201708311556/tools/compiler/bin/../lib/gcc/arm-none-eabi/6.3.1/thumb/v7-m/crtbegin.o
                [!provide]                PROVIDE (__fini_array_end, .)
                0x080022e8                _sidata = LOADADDR (.data)

.data           0x20000000       0x68 load address 0x080022e8
                0x20000000                . = ALIGN (0x4)
                0x20000000                _sdata = .
 *(.data)
 .data          0x20000000        0x4 Drivers/CMSIS/system_stm32f1xx.o
                0x20000000                SystemCoreClock
 *(.data*)
 .data._impure_ptr
                0x20000004        0x4 f:/stm/workbench/plugins/fr.ac6.mcu.externaltools.arm-none.win32_1.15.0.201708311556/tools/compiler/bin/../lib/gcc/arm-none-eabi/6.3.1/../../../../arm-none-eabi/lib/thumb/v7-m\libc_nano.a(lib_a-impure.o)
                0x20000004                _impure_ptr
 .data.impure_data
                0x20000008       0x60 f:/stm/workbench/plugins/fr.ac6.mcu.externaltools.arm-none.win32_1.15.0.201708311556/tools/compiler/bin/../lib/gcc/arm-none-eabi/6.3.1/../../../../arm-none-eabi/lib/thumb/v7-m\libc_nano.a(lib_a-impure.o)
                0x20000068                . = ALIGN (0x4)
                0x20000068                _edata = .

.jcr            0x20000068        0x0 load address 0x08002350
 .jcr           0x20000068        0x0 f:/stm/workbench/plugins/fr.ac6.mcu.externaltools.arm-none.win32_1.15.0.201708311556/tools/compiler/bin/../lib/gcc/arm-none-eabi/6.3.1/thumb/v7-m/crtbegin.o

.igot.plt       0x20000068        0x0 load address 0x08002350
 .igot.plt      0x20000068        0x0 f:/stm/workbench/plugins/fr.ac6.mcu.externaltools.arm-none.win32_1.15.0.201708311556/tools/compiler/bin/../lib/gcc/arm-none-eabi/6.3.1/thumb/v7-m/crtbegin.o
                0x20000068                . = ALIGN (0x4)

.bss            0x20000068      0x12c load address 0x08002350
                0x20000068                _sbss = .
                0x20000068                __bss_start__ = _sbss
 *(.bss)
 .bss           0x20000068       0x1c f:/stm/workbench/plugins/fr.ac6.mcu.externaltools.arm-none.win32_1.15.0.201708311556/tools/compiler/bin/../lib/gcc/arm-none-eabi/6.3.1/thumb/v7-m/crtbegin.o
 *(.bss*)
 .bss.__malloc_free_list
                0x20000084        0x4 f:/stm/workbench/plugins/fr.ac6.mcu.externaltools.arm-none.win32_1.15.0.201708311556/tools/compiler/bin/../lib/gcc/arm-none-eabi/6.3.1/../../../../arm-none-eabi/lib/thumb/v7-m\libc_nano.a(lib_a-nano-mallocr.o)
                0x20000084                __malloc_free_list
 .bss.__malloc_sbrk_start
                0x20000088        0x4 f:/stm/workbench/plugins/fr.ac6.mcu.externaltools.arm-none.win32_1.15.0.201708311556/tools/compiler/bin/../lib/gcc/arm-none-eabi/6.3.1/../../../../arm-none-eabi/lib/thumb/v7-m\libc_nano.a(lib_a-nano-mallocr.o)
                0x20000088                __malloc_sbrk_start
 .bss.heap_end.4116
                0x2000008c        0x4 f:/stm/workbench/plugins/fr.ac6.mcu.externaltools.arm-none.win32_1.15.0.201708311556/tools/compiler/bin/../lib/gcc/arm-none-eabi/6.3.1/../../../../arm-none-eabi/lib/thumb/v7-m\libnosys.a(sbrk.o)
 *(COMMON)
 COMMON         0x20000090       0xfc Application/User/main.o
                0x20000090                recieved
                0x2000009c                hdma_usart2_rx
                0x200000e0                send
                0x20000108                hdma_usart2_tx
                0x2000014c                huart2
 COMMON         0x2000018c        0x4 Drivers/STM32F1xx_HAL_Driver/stm32f1xx_hal.o
                0x2000018c                uwTick
 COMMON         0x20000190        0x4 f:/stm/workbench/plugins/fr.ac6.mcu.externaltools.arm-none.win32_1.15.0.201708311556/tools/compiler/bin/../lib/gcc/arm-none-eabi/6.3.1/../../../../arm-none-eabi/lib/thumb/v7-m\libc_nano.a(lib_a-reent.o)
                0x20000190                errno
                0x20000194                . = ALIGN (0x4)
                0x20000194                _ebss = .
                0x20000194                __bss_end__ = _ebss

._user_heap_stack
                0x20000194      0x604 load address 0x08002350
                0x20000198                . = ALIGN (0x8)
 *fill*         0x20000194        0x4 
                0x20000198                PROVIDE (end, .)
                [!provide]                PROVIDE (_end, .)
                0x20000398                . = (. + _Min_Heap_Size)
 *fill*         0x20000198      0x200 
                0x20000798                . = (. + _Min_Stack_Size)
 *fill*         0x20000398      0x400 
                0x20000798                . = ALIGN (0x8)

/DISCARD/
 libc.a(*)
 libm.a(*)
 libgcc.a(*)

.ARM.attributes
                0x00000000       0x29
 *(.ARM.attributes)
 .ARM.attributes
                0x00000000       0x1d f:/stm/workbench/plugins/fr.ac6.mcu.externaltools.arm-none.win32_1.15.0.201708311556/tools/compiler/bin/../lib/gcc/arm-none-eabi/6.3.1/thumb/v7-m/crti.o
 .ARM.attributes
                0x0000001d       0x2d f:/stm/workbench/plugins/fr.ac6.mcu.externaltools.arm-none.win32_1.15.0.201708311556/tools/compiler/bin/../lib/gcc/arm-none-eabi/6.3.1/thumb/v7-m/crtbegin.o
 .ARM.attributes
                0x0000004a       0x21 Application/SW4STM32/startup_stm32f103xb.o
 .ARM.attributes
                0x0000006b       0x33 Application/User/main.o
 .ARM.attributes
                0x0000009e       0x33 Application/User/stm32f1xx_hal_msp.o
 .ARM.attributes
                0x000000d1       0x33 Application/User/stm32f1xx_it.o
 .ARM.attributes
                0x00000104       0x33 Drivers/CMSIS/system_stm32f1xx.o
 .ARM.attributes
                0x00000137       0x33 Drivers/STM32F1xx_HAL_Driver/stm32f1xx_hal.o
 .ARM.attributes
                0x0000016a       0x33 Drivers/STM32F1xx_HAL_Driver/stm32f1xx_hal_cortex.o
 .ARM.attributes
                0x0000019d       0x33 Drivers/STM32F1xx_HAL_Driver/stm32f1xx_hal_dma.o
 .ARM.attributes
                0x000001d0       0x33 Drivers/STM32F1xx_HAL_Driver/stm32f1xx_hal_gpio.o
 .ARM.attributes
                0x00000203       0x33 Drivers/STM32F1xx_HAL_Driver/stm32f1xx_hal_rcc.o
 .ARM.attributes
                0x00000236       0x33 Drivers/STM32F1xx_HAL_Driver/stm32f1xx_hal_uart.o
 .ARM.attributes
                0x00000269       0x2d f:/stm/workbench/plugins/fr.ac6.mcu.externaltools.arm-none.win32_1.15.0.201708311556/tools/compiler/bin/../lib/gcc/arm-none-eabi/6.3.1/../../../../arm-none-eabi/lib/thumb/v7-m\libc_nano.a(lib_a-impure.o)
 .ARM.attributes
                0x00000296       0x2d f:/stm/workbench/plugins/fr.ac6.mcu.externaltools.arm-none.win32_1.15.0.201708311556/tools/compiler/bin/../lib/gcc/arm-none-eabi/6.3.1/../../../../arm-none-eabi/lib/thumb/v7-m\libc_nano.a(lib_a-init.o)
 .ARM.attributes
                0x000002c3       0x2d f:/stm/workbench/plugins/fr.ac6.mcu.externaltools.arm-none.win32_1.15.0.201708311556/tools/compiler/bin/../lib/gcc/arm-none-eabi/6.3.1/../../../../arm-none-eabi/lib/thumb/v7-m\libc_nano.a(lib_a-sprintf.o)
 .ARM.attributes
                0x000002f0       0x2d f:/stm/workbench/plugins/fr.ac6.mcu.externaltools.arm-none.win32_1.15.0.201708311556/tools/compiler/bin/../lib/gcc/arm-none-eabi/6.3.1/../../../../arm-none-eabi/lib/thumb/v7-m\libc_nano.a(lib_a-nano-svfprintf.o)
 .ARM.attributes
                0x0000031d       0x2d f:/stm/workbench/plugins/fr.ac6.mcu.externaltools.arm-none.win32_1.15.0.201708311556/tools/compiler/bin/../lib/gcc/arm-none-eabi/6.3.1/../../../../arm-none-eabi/lib/thumb/v7-m\libc_nano.a(lib_a-nano-vfprintf_i.o)
 .ARM.attributes
                0x0000034a       0x2d f:/stm/workbench/plugins/fr.ac6.mcu.externaltools.arm-none.win32_1.15.0.201708311556/tools/compiler/bin/../lib/gcc/arm-none-eabi/6.3.1/../../../../arm-none-eabi/lib/thumb/v7-m\libc_nano.a(lib_a-memchr-stub.o)
 .ARM.attributes
                0x00000377       0x2d f:/stm/workbench/plugins/fr.ac6.mcu.externaltools.arm-none.win32_1.15.0.201708311556/tools/compiler/bin/../lib/gcc/arm-none-eabi/6.3.1/../../../../arm-none-eabi/lib/thumb/v7-m\libc_nano.a(lib_a-memcpy-stub.o)
 .ARM.attributes
                0x000003a4       0x2d f:/stm/workbench/plugins/fr.ac6.mcu.externaltools.arm-none.win32_1.15.0.201708311556/tools/compiler/bin/../lib/gcc/arm-none-eabi/6.3.1/../../../../arm-none-eabi/lib/thumb/v7-m\libc_nano.a(lib_a-memmove.o)
 .ARM.attributes
                0x000003d1       0x2d f:/stm/workbench/plugins/fr.ac6.mcu.externaltools.arm-none.win32_1.15.0.201708311556/tools/compiler/bin/../lib/gcc/arm-none-eabi/6.3.1/../../../../arm-none-eabi/lib/thumb/v7-m\libc_nano.a(lib_a-nano-freer.o)
 .ARM.attributes
                0x000003fe       0x2d f:/stm/workbench/plugins/fr.ac6.mcu.externaltools.arm-none.win32_1.15.0.201708311556/tools/compiler/bin/../lib/gcc/arm-none-eabi/6.3.1/../../../../arm-none-eabi/lib/thumb/v7-m\libc_nano.a(lib_a-nano-mallocr.o)
 .ARM.attributes
                0x0000042b       0x2d f:/stm/workbench/plugins/fr.ac6.mcu.externaltools.arm-none.win32_1.15.0.201708311556/tools/compiler/bin/../lib/gcc/arm-none-eabi/6.3.1/../../../../arm-none-eabi/lib/thumb/v7-m\libc_nano.a(lib_a-nano-reallocr.o)
 .ARM.attributes
                0x00000458       0x2d f:/stm/workbench/plugins/fr.ac6.mcu.externaltools.arm-none.win32_1.15.0.201708311556/tools/compiler/bin/../lib/gcc/arm-none-eabi/6.3.1/../../../../arm-none-eabi/lib/thumb/v7-m\libc_nano.a(lib_a-sbrkr.o)
 .ARM.attributes
                0x00000485       0x2d f:/stm/workbench/plugins/fr.ac6.mcu.externaltools.arm-none.win32_1.15.0.201708311556/tools/compiler/bin/../lib/gcc/arm-none-eabi/6.3.1/../../../../arm-none-eabi/lib/thumb/v7-m\libc_nano.a(lib_a-mlock.o)
 .ARM.attributes
                0x000004b2       0x2d f:/stm/workbench/plugins/fr.ac6.mcu.externaltools.arm-none.win32_1.15.0.201708311556/tools/compiler/bin/../lib/gcc/arm-none-eabi/6.3.1/../../../../arm-none-eabi/lib/thumb/v7-m\libc_nano.a(lib_a-nano-msizer.o)
 .ARM.attributes
                0x000004df       0x2d f:/stm/workbench/plugins/fr.ac6.mcu.externaltools.arm-none.win32_1.15.0.201708311556/tools/compiler/bin/../lib/gcc/arm-none-eabi/6.3.1/../../../../arm-none-eabi/lib/thumb/v7-m\libc_nano.a(lib_a-reent.o)
 .ARM.attributes
                0x0000050c       0x2d f:/stm/workbench/plugins/fr.ac6.mcu.externaltools.arm-none.win32_1.15.0.201708311556/tools/compiler/bin/../lib/gcc/arm-none-eabi/6.3.1/../../../../arm-none-eabi/lib/thumb/v7-m\libnosys.a(sbrk.o)
 .ARM.attributes
                0x00000539       0x1d f:/stm/workbench/plugins/fr.ac6.mcu.externaltools.arm-none.win32_1.15.0.201708311556/tools/compiler/bin/../lib/gcc/arm-none-eabi/6.3.1/thumb/v7-m/crtn.o
OUTPUT(Bringup.elf elf32-littlearm)

.debug_line     0x00000000     0x56d7
 .debug_line    0x00000000       0x8f Application/SW4STM32/startup_stm32f103xb.o
 .debug_line    0x0000008f      0x713 Application/User/main.o
 .debug_line    0x000007a2      0x6c7 Application/User/stm32f1xx_hal_msp.o
 .debug_line    0x00000e69      0x73f Application/User/stm32f1xx_it.o
 .debug_line    0x000015a8      0x6aa Drivers/CMSIS/system_stm32f1xx.o
 .debug_line    0x00001c52      0x7e3 Drivers/STM32F1xx_HAL_Driver/stm32f1xx_hal.o
 .debug_line    0x00002435      0x825 Drivers/STM32F1xx_HAL_Driver/stm32f1xx_hal_cortex.o
 .debug_line    0x00002c5a      0x9e5 Drivers/STM32F1xx_HAL_Driver/stm32f1xx_hal_dma.o
 .debug_line    0x0000363f      0x827 Drivers/STM32F1xx_HAL_Driver/stm32f1xx_hal_gpio.o
 .debug_line    0x00003e66      0x91a Drivers/STM32F1xx_HAL_Driver/stm32f1xx_hal_rcc.o
 .debug_line    0x00004780      0xf57 Drivers/STM32F1xx_HAL_Driver/stm32f1xx_hal_uart.o

.debug_info     0x00000000     0xb77e
 .debug_info    0x00000000       0x82 Application/SW4STM32/startup_stm32f103xb.o
 .debug_info    0x00000082     0x1686 Application/User/main.o
 .debug_info    0x00001708     0x1372 Application/User/stm32f1xx_hal_msp.o
 .debug_info    0x00002a7a      0xee7 Application/User/stm32f1xx_it.o
 .debug_info    0x00003961      0xc1b Drivers/CMSIS/system_stm32f1xx.o
 .debug_info    0x0000457c      0xee6 Drivers/STM32F1xx_HAL_Driver/stm32f1xx_hal.o
 .debug_info    0x00005462     0x147b Drivers/STM32F1xx_HAL_Driver/stm32f1xx_hal_cortex.o
 .debug_info    0x000068dd     0x1017 Drivers/STM32F1xx_HAL_Driver/stm32f1xx_hal_dma.o
 .debug_info    0x000078f4      0xe8b Drivers/STM32F1xx_HAL_Driver/stm32f1xx_hal_gpio.o
 .debug_info    0x0000877f     0x1181 Drivers/STM32F1xx_HAL_Driver/stm32f1xx_hal_rcc.o
 .debug_info    0x00009900     0x1e7e Drivers/STM32F1xx_HAL_Driver/stm32f1xx_hal_uart.o

.debug_abbrev   0x00000000     0x1bd4
 .debug_abbrev  0x00000000       0x12 Application/SW4STM32/startup_stm32f103xb.o
 .debug_abbrev  0x00000012      0x2cb Application/User/main.o
 .debug_abbrev  0x000002dd      0x25d Application/User/stm32f1xx_hal_msp.o
 .debug_abbrev  0x0000053a      0x225 Application/User/stm32f1xx_it.o
 .debug_abbrev  0x0000075f      0x226 Drivers/CMSIS/system_stm32f1xx.o
 .debug_abbrev  0x00000985      0x2e5 Drivers/STM32F1xx_HAL_Driver/stm32f1xx_hal.o
 .debug_abbrev  0x00000c6a      0x3cb Drivers/STM32F1xx_HAL_Driver/stm32f1xx_hal_cortex.o
 .debug_abbrev  0x00001035      0x2d4 Drivers/STM32F1xx_HAL_Driver/stm32f1xx_hal_dma.o
 .debug_abbrev  0x00001309      0x2a5 Drivers/STM32F1xx_HAL_Driver/stm32f1xx_hal_gpio.o
 .debug_abbrev  0x000015ae      0x320 Drivers/STM32F1xx_HAL_Driver/stm32f1xx_hal_rcc.o
 .debug_abbrev  0x000018ce      0x306 Drivers/STM32F1xx_HAL_Driver/stm32f1xx_hal_uart.o

.debug_aranges  0x00000000      0x5d8
 .debug_aranges
                0x00000000       0x28 Application/SW4STM32/startup_stm32f103xb.o
 .debug_aranges
                0x00000028       0x58 Application/User/main.o
 .debug_aranges
                0x00000080       0x30 Application/User/stm32f1xx_hal_msp.o
 .debug_aranges
                0x000000b0       0x80 Application/User/stm32f1xx_it.o
 .debug_aranges
                0x00000130       0x28 Drivers/CMSIS/system_stm32f1xx.o
 .debug_aranges
                0x00000158       0xb8 Drivers/STM32F1xx_HAL_Driver/stm32f1xx_hal.o
 .debug_aranges
                0x00000210       0x90 Drivers/STM32F1xx_HAL_Driver/stm32f1xx_hal_cortex.o
 .debug_aranges
                0x000002a0       0x80 Drivers/STM32F1xx_HAL_Driver/stm32f1xx_hal_dma.o
 .debug_aranges
                0x00000320       0x58 Drivers/STM32F1xx_HAL_Driver/stm32f1xx_hal_gpio.o
 .debug_aranges
                0x00000378       0x90 Drivers/STM32F1xx_HAL_Driver/stm32f1xx_hal_rcc.o
 .debug_aranges
                0x00000408      0x1d0 Drivers/STM32F1xx_HAL_Driver/stm32f1xx_hal_uart.o

.debug_ranges   0x00000000      0x5b0
 .debug_ranges  0x00000000       0x20 Application/SW4STM32/startup_stm32f103xb.o
 .debug_ranges  0x00000020       0x48 Application/User/main.o
 .debug_ranges  0x00000068       0x20 Application/User/stm32f1xx_hal_msp.o
 .debug_ranges  0x00000088       0x70 Application/User/stm32f1xx_it.o
 .debug_ranges  0x000000f8       0x18 Drivers/CMSIS/system_stm32f1xx.o
 .debug_ranges  0x00000110       0xa8 Drivers/STM32F1xx_HAL_Driver/stm32f1xx_hal.o
 .debug_ranges  0x000001b8       0xe0 Drivers/STM32F1xx_HAL_Driver/stm32f1xx_hal_cortex.o
 .debug_ranges  0x00000298       0x70 Drivers/STM32F1xx_HAL_Driver/stm32f1xx_hal_dma.o
 .debug_ranges  0x00000308       0x48 Drivers/STM32F1xx_HAL_Driver/stm32f1xx_hal_gpio.o
 .debug_ranges  0x00000350       0xa0 Drivers/STM32F1xx_HAL_Driver/stm32f1xx_hal_rcc.o
 .debug_ranges  0x000003f0      0x1c0 Drivers/STM32F1xx_HAL_Driver/stm32f1xx_hal_uart.o

.debug_loc      0x00000000     0x2c61
 .debug_loc     0x00000000       0x42 Application/User/main.o
 .debug_loc     0x00000042       0x4a Application/User/stm32f1xx_hal_msp.o
 .debug_loc     0x0000008c       0xdf Drivers/CMSIS/system_stm32f1xx.o
 .debug_loc     0x0000016b       0x69 Drivers/STM32F1xx_HAL_Driver/stm32f1xx_hal.o
 .debug_loc     0x000001d4      0x5ad Drivers/STM32F1xx_HAL_Driver/stm32f1xx_hal_cortex.o
 .debug_loc     0x00000781      0x71b Drivers/STM32F1xx_HAL_Driver/stm32f1xx_hal_dma.o
 .debug_loc     0x00000e9c      0x42d Drivers/STM32F1xx_HAL_Driver/stm32f1xx_hal_gpio.o
 .debug_loc     0x000012c9      0x483 Drivers/STM32F1xx_HAL_Driver/stm32f1xx_hal_rcc.o
 .debug_loc     0x0000174c     0x1515 Drivers/STM32F1xx_HAL_Driver/stm32f1xx_hal_uart.o

.debug_macro    0x00000000    0x143c0
 .debug_macro   0x00000000      0x2d6 Application/User/main.o
 .debug_macro   0x000002d6      0x8bc Application/User/main.o
 .debug_macro   0x00000b92       0x2e Application/User/main.o
 .debug_macro   0x00000bc0      0x169 Application/User/main.o
 .debug_macro   0x00000d29       0x2e Application/User/main.o
 .debug_macro   0x00000d57       0x22 Application/User/main.o
 .debug_macro   0x00000d79       0x22 Application/User/main.o
 .debug_macro   0x00000d9b       0x87 Application/User/main.o
 .debug_macro   0x00000e22       0x51 Application/User/main.o
 .debug_macro   0x00000e73       0xef Application/User/main.o
 .debug_macro   0x00000f62       0x6a Application/User/main.o
 .debug_macro   0x00000fcc      0x1df Application/User/main.o
 .debug_macro   0x000011ab       0x34 Application/User/main.o
 .debug_macro   0x000011df       0x34 Application/User/main.o
 .debug_macro   0x00001213      0xb8e Application/User/main.o
 .debug_macro   0x00001da1     0xe90a Application/User/main.o
 .debug_macro   0x000106ab       0x43 Application/User/main.o
 .debug_macro   0x000106ee       0x58 Application/User/main.o
 .debug_macro   0x00010746       0x35 Application/User/main.o
 .debug_macro   0x0001077b       0x9c Application/User/main.o
 .debug_macro   0x00010817       0x16 Application/User/main.o
 .debug_macro   0x0001082d       0x97 Application/User/main.o
 .debug_macro   0x000108c4      0x330 Application/User/main.o
 .debug_macro   0x00010bf4       0xfd Application/User/main.o
 .debug_macro   0x00010cf1       0x10 Application/User/main.o
 .debug_macro   0x00010d01       0x58 Application/User/main.o
 .debug_macro   0x00010d59       0x1f Application/User/main.o
 .debug_macro   0x00010d78       0x43 Application/User/main.o
 .debug_macro   0x00010dbb       0x20 Application/User/main.o
 .debug_macro   0x00010ddb      0x187 Application/User/main.o
 .debug_macro   0x00010f62       0x10 Application/User/main.o
 .debug_macro   0x00010f72       0x1c Application/User/main.o
 .debug_macro   0x00010f8e       0x52 Application/User/main.o
 .debug_macro   0x00010fe0       0x40 Application/User/main.o
 .debug_macro   0x00011020       0x10 Application/User/main.o
 .debug_macro   0x00011030       0x40 Application/User/main.o
 .debug_macro   0x00011070       0xd7 Application/User/main.o
 .debug_macro   0x00011147       0x16 Application/User/main.o
 .debug_macro   0x0001115d      0x18b Application/User/main.o
 .debug_macro   0x000112e8       0x50 Application/User/main.o
 .debug_macro   0x00011338      0x5c2 Application/User/main.o
 .debug_macro   0x000118fa      0x28b Application/User/main.o
 .debug_macro   0x00011b85      0x1cb Application/User/main.o
 .debug_macro   0x00011d50      0x11e Application/User/main.o
 .debug_macro   0x00011e6e      0x197 Application/User/main.o
 .debug_macro   0x00012005       0x27 Application/User/main.o
 .debug_macro   0x0001202c      0x1bc Application/User/main.o
 .debug_macro   0x000121e8       0x34 Application/User/main.o
 .debug_macro   0x0001221c       0x3c Application/User/main.o
 .debug_macro   0x00012258       0x57 Application/User/main.o
 .debug_macro   0x000122af       0x8c Application/User/main.o
 .debug_macro   0x0001233b      0x242 Application/User/main.o
 .debug_macro   0x0001257d      0x143 Application/User/main.o
 .debug_macro   0x000126c0      0x26b Application/User/main.o
 .debug_macro   0x0001292b       0x7c Application/User/main.o
 .debug_macro   0x000129a7      0x2d2 Application/User/stm32f1xx_hal_msp.o
 .debug_macro   0x00012c79      0x2dc Application/User/stm32f1xx_it.o
 .debug_macro   0x00012f55      0x2d8 Drivers/CMSIS/system_stm32f1xx.o
 .debug_macro   0x0001322d      0x2f6 Drivers/STM32F1xx_HAL_Driver/stm32f1xx_hal.o
 .debug_macro   0x00013523      0x2d2 Drivers/STM32F1xx_HAL_Driver/stm32f1xx_hal_cortex.o
 .debug_macro   0x000137f5      0x2d2 Drivers/STM32F1xx_HAL_Driver/stm32f1xx_hal_dma.o
 .debug_macro   0x00013ac7      0x342 Drivers/STM32F1xx_HAL_Driver/stm32f1xx_hal_gpio.o
 .debug_macro   0x00013e09      0x2e4 Drivers/STM32F1xx_HAL_Driver/stm32f1xx_hal_rcc.o
 .debug_macro   0x000140ed      0x2d3 Drivers/STM32F1xx_HAL_Driver/stm32f1xx_hal_uart.o

.debug_str      0x00000000    0x6a53a
 .debug_str     0x00000000    0x69078 Application/User/main.o
                              0x69435 (size before relaxing)
 .debug_str     0x00069078       0xe7 Application/User/stm32f1xx_hal_msp.o
                              0x69258 (size before relaxing)
 .debug_str     0x0006915f      0x185 Application/User/stm32f1xx_it.o
                              0x68f2e (size before relaxing)
 .debug_str     0x000692e4       0xce Drivers/CMSIS/system_stm32f1xx.o
                              0x68b1b (size before relaxing)
 .debug_str     0x000693b2      0x375 Drivers/STM32F1xx_HAL_Driver/stm32f1xx_hal.o
                              0x6911e (size before relaxing)
 .debug_str     0x00069727      0x23a Drivers/STM32F1xx_HAL_Driver/stm32f1xx_hal_cortex.o
                              0x69129 (size before relaxing)
 .debug_str     0x00069961      0x226 Drivers/STM32F1xx_HAL_Driver/stm32f1xx_hal_dma.o
                              0x68e8d (size before relaxing)
 .debug_str     0x00069b87      0x2bb Drivers/STM32F1xx_HAL_Driver/stm32f1xx_hal_gpio.o
                              0x68e70 (size before relaxing)
 .debug_str     0x00069e42      0x22f Drivers/STM32F1xx_HAL_Driver/stm32f1xx_hal_rcc.o
                              0x68ec5 (size before relaxing)
 .debug_str     0x0006a071      0x4c9 Drivers/STM32F1xx_HAL_Driver/stm32f1xx_hal_uart.o
                              0x693de (size before relaxing)

.comment        0x00000000       0x7f
 .comment       0x00000000       0x7f Application/User/main.o
                                 0x80 (size before relaxing)
 .comment       0x0000007f       0x80 Application/User/stm32f1xx_hal_msp.o
 .comment       0x0000007f       0x80 Application/User/stm32f1xx_it.o
 .comment       0x0000007f       0x80 Drivers/CMSIS/system_stm32f1xx.o
 .comment       0x0000007f       0x80 Drivers/STM32F1xx_HAL_Driver/stm32f1xx_hal.o
 .comment       0x0000007f       0x80 Drivers/STM32F1xx_HAL_Driver/stm32f1xx_hal_cortex.o
 .comment       0x0000007f       0x80 Drivers/STM32F1xx_HAL_Driver/stm32f1xx_hal_dma.o
 .comment       0x0000007f       0x80 Drivers/STM32F1xx_HAL_Driver/stm32f1xx_hal_gpio.o
 .comment       0x0000007f       0x80 Drivers/STM32F1xx_HAL_Driver/stm32f1xx_hal_rcc.o
 .comment       0x0000007f       0x80 Drivers/STM32F1xx_HAL_Driver/stm32f1xx_hal_uart.o

.debug_frame    0x00000000     0x1140
 .debug_frame   0x00000000       0xe4 Application/User/main.o
 .debug_frame   0x000000e4       0x6c Application/User/stm32f1xx_hal_msp.o
 .debug_frame   0x00000150      0x108 Application/User/stm32f1xx_it.o
 .debug_frame   0x00000258       0x30 Drivers/CMSIS/system_stm32f1xx.o
 .debug_frame   0x00000288      0x178 Drivers/STM32F1xx_HAL_Driver/stm32f1xx_hal.o
 .debug_frame   0x00000400      0x12c Drivers/STM32F1xx_HAL_Driver/stm32f1xx_hal_cortex.o
 .debug_frame   0x0000052c      0x148 Drivers/STM32F1xx_HAL_Driver/stm32f1xx_hal_dma.o
 .debug_frame   0x00000674       0xe4 Drivers/STM32F1xx_HAL_Driver/stm32f1xx_hal_gpio.o
 .debug_frame   0x00000758      0x164 Drivers/STM32F1xx_HAL_Driver/stm32f1xx_hal_rcc.o
 .debug_frame   0x000008bc      0x4e8 Drivers/STM32F1xx_HAL_Driver/stm32f1xx_hal_uart.o
 .debug_frame   0x00000da4       0x2c f:/stm/workbench/plugins/fr.ac6.mcu.externaltools.arm-none.win32_1.15.0.201708311556/tools/compiler/bin/../lib/gcc/arm-none-eabi/6.3.1/../../../../arm-none-eabi/lib/thumb/v7-m\libc_nano.a(lib_a-init.o)
 .debug_frame   0x00000dd0       0x70 f:/stm/workbench/plugins/fr.ac6.mcu.externaltools.arm-none.win32_1.15.0.201708311556/tools/compiler/bin/../lib/gcc/arm-none-eabi/6.3.1/../../../../arm-none-eabi/lib/thumb/v7-m\libc_nano.a(lib_a-sprintf.o)
 .debug_frame   0x00000e40       0x90 f:/stm/workbench/plugins/fr.ac6.mcu.externaltools.arm-none.win32_1.15.0.201708311556/tools/compiler/bin/../lib/gcc/arm-none-eabi/6.3.1/../../../../arm-none-eabi/lib/thumb/v7-m\libc_nano.a(lib_a-nano-svfprintf.o)
 .debug_frame   0x00000ed0       0x60 f:/stm/workbench/plugins/fr.ac6.mcu.externaltools.arm-none.win32_1.15.0.201708311556/tools/compiler/bin/../lib/gcc/arm-none-eabi/6.3.1/../../../../arm-none-eabi/lib/thumb/v7-m\libc_nano.a(lib_a-nano-vfprintf_i.o)
 .debug_frame   0x00000f30       0x28 f:/stm/workbench/plugins/fr.ac6.mcu.externaltools.arm-none.win32_1.15.0.201708311556/tools/compiler/bin/../lib/gcc/arm-none-eabi/6.3.1/../../../../arm-none-eabi/lib/thumb/v7-m\libc_nano.a(lib_a-memchr-stub.o)
 .debug_frame   0x00000f58       0x28 f:/stm/workbench/plugins/fr.ac6.mcu.externaltools.arm-none.win32_1.15.0.201708311556/tools/compiler/bin/../lib/gcc/arm-none-eabi/6.3.1/../../../../arm-none-eabi/lib/thumb/v7-m\libc_nano.a(lib_a-memcpy-stub.o)
 .debug_frame   0x00000f80       0x28 f:/stm/workbench/plugins/fr.ac6.mcu.externaltools.arm-none.win32_1.15.0.201708311556/tools/compiler/bin/../lib/gcc/arm-none-eabi/6.3.1/../../../../arm-none-eabi/lib/thumb/v7-m\libc_nano.a(lib_a-memmove.o)
 .debug_frame   0x00000fa8       0x38 f:/stm/workbench/plugins/fr.ac6.mcu.externaltools.arm-none.win32_1.15.0.201708311556/tools/compiler/bin/../lib/gcc/arm-none-eabi/6.3.1/../../../../arm-none-eabi/lib/thumb/v7-m\libc_nano.a(lib_a-nano-freer.o)
 .debug_frame   0x00000fe0       0x2c f:/stm/workbench/plugins/fr.ac6.mcu.externaltools.arm-none.win32_1.15.0.201708311556/tools/compiler/bin/../lib/gcc/arm-none-eabi/6.3.1/../../../../arm-none-eabi/lib/thumb/v7-m\libc_nano.a(lib_a-nano-mallocr.o)
 .debug_frame   0x0000100c       0x3c f:/stm/workbench/plugins/fr.ac6.mcu.externaltools.arm-none.win32_1.15.0.201708311556/tools/compiler/bin/../lib/gcc/arm-none-eabi/6.3.1/../../../../arm-none-eabi/lib/thumb/v7-m\libc_nano.a(lib_a-nano-reallocr.o)
 .debug_frame   0x00001048       0x2c f:/stm/workbench/plugins/fr.ac6.mcu.externaltools.arm-none.win32_1.15.0.201708311556/tools/compiler/bin/../lib/gcc/arm-none-eabi/6.3.1/../../../../arm-none-eabi/lib/thumb/v7-m\libc_nano.a(lib_a-sbrkr.o)
 .debug_frame   0x00001074       0x30 f:/stm/workbench/plugins/fr.ac6.mcu.externaltools.arm-none.win32_1.15.0.201708311556/tools/compiler/bin/../lib/gcc/arm-none-eabi/6.3.1/../../../../arm-none-eabi/lib/thumb/v7-m\libc_nano.a(lib_a-mlock.o)
 .debug_frame   0x000010a4       0x20 f:/stm/workbench/plugins/fr.ac6.mcu.externaltools.arm-none.win32_1.15.0.201708311556/tools/compiler/bin/../lib/gcc/arm-none-eabi/6.3.1/../../../../arm-none-eabi/lib/thumb/v7-m\libc_nano.a(lib_a-nano-msizer.o)
 .debug_frame   0x000010c4       0x5c f:/stm/workbench/plugins/fr.ac6.mcu.externaltools.arm-none.win32_1.15.0.201708311556/tools/compiler/bin/../lib/gcc/arm-none-eabi/6.3.1/../../../../arm-none-eabi/lib/thumb/v7-m\libc_nano.a(lib_a-reent.o)
 .debug_frame   0x00001120       0x20 f:/stm/workbench/plugins/fr.ac6.mcu.externaltools.arm-none.win32_1.15.0.201708311556/tools/compiler/bin/../lib/gcc/arm-none-eabi/6.3.1/../../../../arm-none-eabi/lib/thumb/v7-m\libnosys.a(sbrk.o)
