Archive member included to satisfy reference by file (symbol)

f:/stm/workbench/plugins/fr.ac6.mcu.externaltools.arm-none.win32_1.15.0.201708311556/tools/compiler/bin/../lib/gcc/arm-none-eabi/6.3.1/../../../../arm-none-eabi/lib/thumb/v7-m\libc_nano.a(lib_a-exit.o)
                              f:/stm/workbench/plugins/fr.ac6.mcu.externaltools.arm-none.win32_1.15.0.201708311556/tools/compiler/bin/../lib/gcc/arm-none-eabi/6.3.1/../../../../arm-none-eabi/lib/thumb/v7-m/crt0.o (exit)
f:/stm/workbench/plugins/fr.ac6.mcu.externaltools.arm-none.win32_1.15.0.201708311556/tools/compiler/bin/../lib/gcc/arm-none-eabi/6.3.1/../../../../arm-none-eabi/lib/thumb/v7-m\libc_nano.a(lib_a-impure.o)
                              f:/stm/workbench/plugins/fr.ac6.mcu.externaltools.arm-none.win32_1.15.0.201708311556/tools/compiler/bin/../lib/gcc/arm-none-eabi/6.3.1/../../../../arm-none-eabi/lib/thumb/v7-m\libc_nano.a(lib_a-exit.o) (_global_impure_ptr)
f:/stm/workbench/plugins/fr.ac6.mcu.externaltools.arm-none.win32_1.15.0.201708311556/tools/compiler/bin/../lib/gcc/arm-none-eabi/6.3.1/../../../../arm-none-eabi/lib/thumb/v7-m\libc_nano.a(lib_a-init.o)
                              f:/stm/workbench/plugins/fr.ac6.mcu.externaltools.arm-none.win32_1.15.0.201708311556/tools/compiler/bin/../lib/gcc/arm-none-eabi/6.3.1/../../../../arm-none-eabi/lib/thumb/v7-m/crt0.o (__libc_init_array)
f:/stm/workbench/plugins/fr.ac6.mcu.externaltools.arm-none.win32_1.15.0.201708311556/tools/compiler/bin/../lib/gcc/arm-none-eabi/6.3.1/../../../../arm-none-eabi/lib/thumb/v7-m\libc_nano.a(lib_a-memset.o)
                              f:/stm/workbench/plugins/fr.ac6.mcu.externaltools.arm-none.win32_1.15.0.201708311556/tools/compiler/bin/../lib/gcc/arm-none-eabi/6.3.1/../../../../arm-none-eabi/lib/thumb/v7-m/crt0.o (memset)
f:/stm/workbench/plugins/fr.ac6.mcu.externaltools.arm-none.win32_1.15.0.201708311556/tools/compiler/bin/../lib/gcc/arm-none-eabi/6.3.1/../../../../arm-none-eabi/lib/thumb/v7-m\libc_nano.a(lib_a-sprintf.o)
                              Application/User/main.o (sprintf)
f:/stm/workbench/plugins/fr.ac6.mcu.externaltools.arm-none.win32_1.15.0.201708311556/tools/compiler/bin/../lib/gcc/arm-none-eabi/6.3.1/../../../../arm-none-eabi/lib/thumb/v7-m\libc_nano.a(lib_a-nano-svfprintf.o)
                              f:/stm/workbench/plugins/fr.ac6.mcu.externaltools.arm-none.win32_1.15.0.201708311556/tools/compiler/bin/../lib/gcc/arm-none-eabi/6.3.1/../../../../arm-none-eabi/lib/thumb/v7-m\libc_nano.a(lib_a-sprintf.o) (_svfprintf_r)
f:/stm/workbench/plugins/fr.ac6.mcu.externaltools.arm-none.win32_1.15.0.201708311556/tools/compiler/bin/../lib/gcc/arm-none-eabi/6.3.1/../../../../arm-none-eabi/lib/thumb/v7-m\libc_nano.a(lib_a-nano-vfprintf_i.o)
                              f:/stm/workbench/plugins/fr.ac6.mcu.externaltools.arm-none.win32_1.15.0.201708311556/tools/compiler/bin/../lib/gcc/arm-none-eabi/6.3.1/../../../../arm-none-eabi/lib/thumb/v7-m\libc_nano.a(lib_a-nano-svfprintf.o) (_printf_i)
f:/stm/workbench/plugins/fr.ac6.mcu.externaltools.arm-none.win32_1.15.0.201708311556/tools/compiler/bin/../lib/gcc/arm-none-eabi/6.3.1/../../../../arm-none-eabi/lib/thumb/v7-m\libc_nano.a(lib_a-memchr-stub.o)
                              f:/stm/workbench/plugins/fr.ac6.mcu.externaltools.arm-none.win32_1.15.0.201708311556/tools/compiler/bin/../lib/gcc/arm-none-eabi/6.3.1/../../../../arm-none-eabi/lib/thumb/v7-m\libc_nano.a(lib_a-nano-svfprintf.o) (memchr)
f:/stm/workbench/plugins/fr.ac6.mcu.externaltools.arm-none.win32_1.15.0.201708311556/tools/compiler/bin/../lib/gcc/arm-none-eabi/6.3.1/../../../../arm-none-eabi/lib/thumb/v7-m\libc_nano.a(lib_a-memcpy-stub.o)
                              f:/stm/workbench/plugins/fr.ac6.mcu.externaltools.arm-none.win32_1.15.0.201708311556/tools/compiler/bin/../lib/gcc/arm-none-eabi/6.3.1/../../../../arm-none-eabi/lib/thumb/v7-m\libc_nano.a(lib_a-nano-svfprintf.o) (memcpy)
f:/stm/workbench/plugins/fr.ac6.mcu.externaltools.arm-none.win32_1.15.0.201708311556/tools/compiler/bin/../lib/gcc/arm-none-eabi/6.3.1/../../../../arm-none-eabi/lib/thumb/v7-m\libc_nano.a(lib_a-memmove.o)
                              f:/stm/workbench/plugins/fr.ac6.mcu.externaltools.arm-none.win32_1.15.0.201708311556/tools/compiler/bin/../lib/gcc/arm-none-eabi/6.3.1/../../../../arm-none-eabi/lib/thumb/v7-m\libc_nano.a(lib_a-nano-svfprintf.o) (memmove)
f:/stm/workbench/plugins/fr.ac6.mcu.externaltools.arm-none.win32_1.15.0.201708311556/tools/compiler/bin/../lib/gcc/arm-none-eabi/6.3.1/../../../../arm-none-eabi/lib/thumb/v7-m\libc_nano.a(lib_a-nano-freer.o)
                              f:/stm/workbench/plugins/fr.ac6.mcu.externaltools.arm-none.win32_1.15.0.201708311556/tools/compiler/bin/../lib/gcc/arm-none-eabi/6.3.1/../../../../arm-none-eabi/lib/thumb/v7-m\libc_nano.a(lib_a-nano-svfprintf.o) (_free_r)
[...]
Memory Configuration

Name             Origin             Length             Attributes
RAM              0x20000000         0x00005000         xrw
FLASH            0x08000000         0x00020000         xr
*default*        0x00000000         0xffffffff

Linker script and memory map

LOAD f:/stm/workbench/plugins/fr.ac6.mcu.externaltools.arm-none.win32_1.15.0.201708311556/tools/compiler/bin/../lib/gcc/arm-none-eabi/6.3.1/thumb/v7-m/crti.o
LOAD f:/stm/workbench/plugins/fr.ac6.mcu.externaltools.arm-none.win32_1.15.0.201708311556/tools/compiler/bin/../lib/gcc/arm-none-eabi/6.3.1/thumb/v7-m/crtbegin.o
LOAD f:/stm/workbench/plugins/fr.ac6.mcu.externaltools.arm-none.win32_1.15.0.201708311556/tools/compiler/bin/../lib/gcc/arm-none-eabi/6.3.1/../../../../arm-none-eabi/lib/thumb/v7-m/crt0.o
LOAD Application/SW4STM32/startup_stm32f103xb.o
LOAD Application/User/main.o
LOAD Application/User/stm32f1xx_hal_msp.o
LOAD Application/User/stm32f1xx_it.o
LOAD Drivers/CMSIS/system_stm32f1xx.o
LOAD Drivers/STM32F1xx_HAL_Driver/stm32f1xx_hal.o
LOAD Drivers/STM32F1xx_HAL_Driver/stm32f1xx_hal_cortex.o
LOAD Drivers/STM32F1xx_HAL_Driver/stm32f1xx_hal_dma.o
LOAD Drivers/STM32F1xx_HAL_Driver/stm32f1xx_hal_flash.o
LOAD Drivers/STM32F1xx_HAL_Driver/stm32f1xx_hal_flash_ex.o
LOAD Drivers/STM32F1xx_HAL_Driver/stm32f1xx_hal_gpio.o
LOAD Drivers/STM32F1xx_HAL_Driver/stm32f1xx_hal_gpio_ex.o
LOAD Drivers/STM32F1xx_HAL_Driver/stm32f1xx_hal_pwr.o
LOAD Drivers/STM32F1xx_HAL_Driver/stm32f1xx_hal_rcc.o
LOAD Drivers/STM32F1xx_HAL_Driver/stm32f1xx_hal_rcc_ex.o
LOAD Drivers/STM32F1xx_HAL_Driver/stm32f1xx_hal_tim.o
LOAD Drivers/STM32F1xx_HAL_Driver/stm32f1xx_hal_tim_ex.o
LOAD Drivers/STM32F1xx_HAL_Driver/stm32f1xx_hal_uart.o
LOAD f:/stm/workbench/plugins/fr.ac6.mcu.externaltools.arm-none.win32_1.15.0.201708311556/tools/compiler/bin/../lib/gcc/arm-none-eabi/6.3.1/../../../../arm-none-eabi/lib/thumb/v7-m\libm.a
START GROUP
LOAD f:/stm/workbench/plugins/fr.ac6.mcu.externaltools.arm-none.win32_1.15.0.201708311556/tools/compiler/bin/../lib/gcc/arm-none-eabi/6.3.1/thumb/v7-m\libgcc.a
LOAD f:/stm/workbench/plugins/fr.ac6.mcu.externaltools.arm-none.win32_1.15.0.201708311556/tools/compiler/bin/../lib/gcc/arm-none-eabi/6.3.1/../../../../arm-none-eabi/lib/thumb/v7-m\libc_nano.a
END GROUP
START GROUP
LOAD f:/stm/workbench/plugins/fr.ac6.mcu.externaltools.arm-none.win32_1.15.0.201708311556/tools/compiler/bin/../lib/gcc/arm-none-eabi/6.3.1/thumb/v7-m\libgcc.a
LOAD f:/stm/workbench/plugins/fr.ac6.mcu.externaltools.arm-none.win32_1.15.0.201708311556/tools/compiler/bin/../lib/gcc/arm-none-eabi/6.3.1/../../../../arm-none-eabi/lib/thumb/v7-m\libc_nano.a
LOAD f:/stm/workbench/plugins/fr.ac6.mcu.externaltools.arm-none.win32_1.15.0.201708311556/tools/compiler/bin/../lib/gcc/arm-none-eabi/6.3.1/../../../../arm-none-eabi/lib/thumb/v7-m\libnosys.a
END GROUP
START GROUP
LOAD f:/stm/workbench/plugins/fr.ac6.mcu.externaltools.arm-none.win32_1.15.0.201708311556/tools/compiler/bin/../lib/gcc/arm-none-eabi/6.3.1/thumb/v7-m\libgcc.a
LOAD f:/stm/workbench/plugins/fr.ac6.mcu.externaltools.arm-none.win32_1.15.0.201708311556/tools/compiler/bin/../lib/gcc/arm-none-eabi/6.3.1/../../../../arm-none-eabi/lib/thumb/v7-m\libc_nano.a
LOAD f:/stm/workbench/plugins/fr.ac6.mcu.externaltools.arm-none.win32_1.15.0.201708311556/tools/compiler/bin/../lib/gcc/arm-none-eabi/6.3.1/../../../../arm-none-eabi/lib/thumb/v7-m\libnosys.a
END GROUP
LOAD f:/stm/workbench/plugins/fr.ac6.mcu.externaltools.arm-none.win32_1.15.0.201708311556/tools/compiler/bin/../lib/gcc/arm-none-eabi/6.3.1/thumb/v7-m/crtend.o
LOAD f:/stm/workbench/plugins/fr.ac6.mcu.externaltools.arm-none.win32_1.15.0.201708311556/tools/compiler/bin/../lib/gcc/arm-none-eabi/6.3.1/thumb/v7-m/crtn.o
                0x20005000                _estack = 0x20005000
                0x00000200                _Min_Heap_Size = 0x200
                0x00000400                _Min_Stack_Size = 0x400

.isr_vector     0x08000000      0x10c
                0x08000000                . = ALIGN (0x4)
 *(.isr_vector)
 .isr_vector    0x08000000      0x10c Application/SW4STM32/startup_stm32f103xb.o
                0x08000000                g_pfnVectors
                0x0800010c                . = ALIGN (0x4)

.text           0x0800010c     0x25b4
                0x0800010c                . = ALIGN (0x4)
 *(.text)
 .text          0x0800010c       0x6c f:/stm/workbench/plugins/fr.ac6.mcu.externaltools.arm-none.win32_1.15.0.201708311556/tools/compiler/bin/../lib/gcc/arm-none-eabi/6.3.1/thumb/v7-m/crtbegin.o
 *(.text*)
 .text.Reset_Handler
                0x08000178       0x48 Application/SW4STM32/startup_stm32f103xb.o
                0x08000178                Reset_Handler
 .text.Default_Handler
                0x080001c0        0x2 Application/SW4STM32/startup_stm32f103xb.o
                0x080001c0                RTC_Alarm_IRQHandler
                0x080001c0                EXTI2_IRQHandler
                0x080001c0                TIM1_CC_IRQHandler
                0x080001c0                PVD_IRQHandler
                0x080001c0                EXTI3_IRQHandler
                0x080001c0                EXTI0_IRQHandler
                0x080001c0                I2C2_EV_IRQHandler
                0x080001c0                ADC1_2_IRQHandler
                0x080001c0                SPI1_IRQHandler
                0x080001c0                TAMPER_IRQHandler
                0x080001c0                DMA1_Channel4_IRQHandler
                0x080001c0                USART3_IRQHandler
                0x080001c0                RTC_IRQHandler
                0x080001c0                CAN1_RX1_IRQHandler
                0x080001c0                I2C1_EV_IRQHandler
                0x080001c0                TIM3_IRQHandler
                0x080001c0                RCC_IRQHandler
                0x080001c0                TIM1_TRG_COM_IRQHandler
                0x080001c0                DMA1_Channel1_IRQHandler
                0x080001c0                Default_Handler
                0x080001c0                EXTI9_5_IRQHandler
                0x080001c0                SPI2_IRQHandler
                0x080001c0                DMA1_Channel5_IRQHandler
                0x080001c0                EXTI4_IRQHandler
                0x080001c0                USB_LP_CAN1_RX0_IRQHandler
                0x080001c0                USB_HP_CAN1_TX_IRQHandler
                0x080001c0                DMA1_Channel3_IRQHandler
                0x080001c0                TIM1_UP_IRQHandler
                0x080001c0                WWDG_IRQHandler
                0x080001c0                TIM2_IRQHandler
                0x080001c0                TIM1_BRK_IRQHandler
                0x080001c0                EXTI1_IRQHandler
                0x080001c0                I2C2_ER_IRQHandler
                0x080001c0                DMA1_Channel2_IRQHandler
                0x080001c0                CAN1_SCE_IRQHandler
                0x080001c0                FLASH_IRQHandler
                0x080001c0                USART1_IRQHandler
                0x080001c0                I2C1_ER_IRQHandler
                0x080001c0                USBWakeUp_IRQHandler
 *fill*         0x080001c2        0x2 
 .text.MX_GPIO_Init
                0x080001c4       0x84 Application/User/main.o
 .text.MX_DMA_Init
                0x08000248       0x44 Application/User/main.o
 .text.HAL_GPIO_EXTI_Callback
                0x0800028c       0x2c Application/User/main.o
                0x0800028c                HAL_GPIO_EXTI_Callback
 .text.HAL_UART_RxCpltCallback
                0x080002b8       0x3c Application/User/main.o
                0x080002b8                HAL_UART_RxCpltCallback
 .text.HAL_TIM_PeriodElapsedCallback
                0x080002f4       0x20 Application/User/main.o
                0x080002f4                HAL_TIM_PeriodElapsedCallback
 .text._Error_Handler
                0x08000314        0x2 Application/User/main.o
                0x08000314                _Error_Handler
 *fill*         0x08000316        0x2 
 .text.MX_USART2_UART_Init
                0x08000318       0x3c Application/User/main.o
 .text.MX_TIM4_Init
                0x08000354       0x70 Application/User/main.o
 .text.SystemClock_Config
                0x080003c4       0x80 Application/User/main.o
                0x080003c4                SystemClock_Config
 .text.main     0x08000444       0x38 Application/User/main.o
                0x08000444                main
 .text.HAL_MspInit
                0x0800047c       0x94 Application/User/stm32f1xx_hal_msp.o
                0x0800047c                HAL_MspInit
 .text.HAL_TIM_Base_MspInit
                0x08000510       0x40 Application/User/stm32f1xx_hal_msp.o
                0x08000510                HAL_TIM_Base_MspInit
 .text.HAL_UART_MspInit
                0x08000550       0xe0 Application/User/stm32f1xx_hal_msp.o
                0x08000550                HAL_UART_MspInit
 .text.NMI_Handler
                0x08000630        0x2 Application/User/stm32f1xx_it.o
                0x08000630                NMI_Handler
 .text.HardFault_Handler
                0x08000632        0x2 Application/User/stm32f1xx_it.o
                0x08000632                HardFault_Handler
 .text.MemManage_Handler
                0x08000634        0x2 Application/User/stm32f1xx_it.o
                0x08000634                MemManage_Handler
 .text.BusFault_Handler
                0x08000636        0x2 Application/User/stm32f1xx_it.o
                0x08000636                BusFault_Handler
 .text.UsageFault_Handler
                0x08000638        0x2 Application/User/stm32f1xx_it.o
                0x08000638                UsageFault_Handler
 .text.SVC_Handler
                0x0800063a        0x2 Application/User/stm32f1xx_it.o
                0x0800063a                SVC_Handler
 .text.DebugMon_Handler
                0x0800063c        0x2 Application/User/stm32f1xx_it.o
                0x0800063c                DebugMon_Handler
 .text.PendSV_Handler
                0x0800063e        0x2 Application/User/stm32f1xx_it.o
                0x0800063e                PendSV_Handler
 .text.SysTick_Handler
                0x08000640        0xc Application/User/stm32f1xx_it.o
                0x08000640                SysTick_Handler
 .text.DMA1_Channel6_IRQHandler
                0x0800064c       0x10 Application/User/stm32f1xx_it.o
                0x0800064c                DMA1_Channel6_IRQHandler
 .text.DMA1_Channel7_IRQHandler
                0x0800065c       0x10 Application/User/stm32f1xx_it.o
                0x0800065c                DMA1_Channel7_IRQHandler
 .text.TIM4_IRQHandler
                0x0800066c       0x10 Application/User/stm32f1xx_it.o
                0x0800066c                TIM4_IRQHandler
 .text.USART2_IRQHandler
                0x0800067c       0x10 Application/User/stm32f1xx_it.o
                0x0800067c                USART2_IRQHandler
 .text.EXTI15_10_IRQHandler
                0x0800068c        0xc Application/User/stm32f1xx_it.o
                0x0800068c                EXTI15_10_IRQHandler
 .text.SystemInit
                0x08000698       0x4c Drivers/CMSIS/system_stm32f1xx.o
                0x08000698                SystemInit
 .text.HAL_InitTick
                0x080006e4       0x2c Drivers/STM32F1xx_HAL_Driver/stm32f1xx_hal.o
                0x080006e4                HAL_InitTick
 .text.HAL_Init
                0x08000710       0x24 Drivers/STM32F1xx_HAL_Driver/stm32f1xx_hal.o
                0x08000710                HAL_Init
 .text.HAL_IncTick
                0x08000734       0x10 Drivers/STM32F1xx_HAL_Driver/stm32f1xx_hal.o
                0x08000734                HAL_IncTick
 .text.HAL_GetTick
                0x08000744        0xc Drivers/STM32F1xx_HAL_Driver/stm32f1xx_hal.o
                0x08000744                HAL_GetTick
 .text.HAL_NVIC_SetPriorityGrouping
                0x08000750       0x24 Drivers/STM32F1xx_HAL_Driver/stm32f1xx_hal_cortex.o
                0x08000750                HAL_NVIC_SetPriorityGrouping
 .text.HAL_NVIC_SetPriority
                0x08000774       0x64 Drivers/STM32F1xx_HAL_Driver/stm32f1xx_hal_cortex.o
                0x08000774                HAL_NVIC_SetPriority
 .text.HAL_NVIC_EnableIRQ
                0x080007d8       0x18 Drivers/STM32F1xx_HAL_Driver/stm32f1xx_hal_cortex.o
                0x080007d8                HAL_NVIC_EnableIRQ
 .text.HAL_SYSTICK_Config
                0x080007f0       0x2c Drivers/STM32F1xx_HAL_Driver/stm32f1xx_hal_cortex.o
                0x080007f0                HAL_SYSTICK_Config
 .text.HAL_SYSTICK_CLKSourceConfig
                0x0800081c       0x20 Drivers/STM32F1xx_HAL_Driver/stm32f1xx_hal_cortex.o
                0x0800081c                HAL_SYSTICK_CLKSourceConfig
 .text.HAL_SYSTICK_Callback
                0x0800083c        0x2 Drivers/STM32F1xx_HAL_Driver/stm32f1xx_hal_cortex.o
                0x0800083c                HAL_SYSTICK_Callback
 .text.HAL_SYSTICK_IRQHandler
                0x0800083e        0x8 Drivers/STM32F1xx_HAL_Driver/stm32f1xx_hal_cortex.o
                0x0800083e                HAL_SYSTICK_IRQHandler
 .text.DMA_SetConfig
                0x08000846       0x2c Drivers/STM32F1xx_HAL_Driver/stm32f1xx_hal_dma.o
 *fill*         0x08000872        0x2 
 .text.HAL_DMA_Init
                0x08000874       0x78 Drivers/STM32F1xx_HAL_Driver/stm32f1xx_hal_dma.o
                0x08000874                HAL_DMA_Init
 .text.HAL_DMA_Start_IT
                0x080008ec       0x74 Drivers/STM32F1xx_HAL_Driver/stm32f1xx_hal_dma.o
                0x080008ec                HAL_DMA_Start_IT
 .text.HAL_DMA_Abort_IT
                0x08000960       0x98 Drivers/STM32F1xx_HAL_Driver/stm32f1xx_hal_dma.o
                0x08000960                HAL_DMA_Abort_IT
 .text.HAL_DMA_IRQHandler
                0x080009f8      0x144 Drivers/STM32F1xx_HAL_Driver/stm32f1xx_hal_dma.o
                0x080009f8                HAL_DMA_IRQHandler
 .text.HAL_GPIO_Init
                0x08000b3c      0x1ec Drivers/STM32F1xx_HAL_Driver/stm32f1xx_hal_gpio.o
                0x08000b3c                HAL_GPIO_Init
 .text.HAL_GPIO_WritePin
                0x08000d28        0xc Drivers/STM32F1xx_HAL_Driver/stm32f1xx_hal_gpio.o
                0x08000d28                HAL_GPIO_WritePin
 .text.HAL_GPIO_TogglePin
                0x08000d34        0x8 Drivers/STM32F1xx_HAL_Driver/stm32f1xx_hal_gpio.o
                0x08000d34                HAL_GPIO_TogglePin
 .text.HAL_GPIO_EXTI_IRQHandler
                0x08000d3c       0x1c Drivers/STM32F1xx_HAL_Driver/stm32f1xx_hal_gpio.o
                0x08000d3c                HAL_GPIO_EXTI_IRQHandler
 .text.RCC_Delay
                0x08000d58       0x2c Drivers/STM32F1xx_HAL_Driver/stm32f1xx_hal_rcc.o
 .text.HAL_RCC_OscConfig
                0x08000d84      0x3e0 Drivers/STM32F1xx_HAL_Driver/stm32f1xx_hal_rcc.o
                0x08000d84                HAL_RCC_OscConfig
 .text.HAL_RCC_GetSysClockFreq
                0x08001164       0x6c Drivers/STM32F1xx_HAL_Driver/stm32f1xx_hal_rcc.o
                0x08001164                HAL_RCC_GetSysClockFreq
 .text.HAL_RCC_ClockConfig
                0x080011d0      0x178 Drivers/STM32F1xx_HAL_Driver/stm32f1xx_hal_rcc.o
                0x080011d0                HAL_RCC_ClockConfig
 .text.HAL_RCC_GetHCLKFreq
                0x08001348        0xc Drivers/STM32F1xx_HAL_Driver/stm32f1xx_hal_rcc.o
                0x08001348                HAL_RCC_GetHCLKFreq
 .text.HAL_RCC_GetPCLK1Freq
                0x08001354       0x20 Drivers/STM32F1xx_HAL_Driver/stm32f1xx_hal_rcc.o
                0x08001354                HAL_RCC_GetPCLK1Freq
 .text.HAL_RCC_GetPCLK2Freq
                0x08001374       0x20 Drivers/STM32F1xx_HAL_Driver/stm32f1xx_hal_rcc.o
                0x08001374                HAL_RCC_GetPCLK2Freq
 .text.TIM_TI1_ConfigInputStage
                0x08001394       0x24 Drivers/STM32F1xx_HAL_Driver/stm32f1xx_hal_tim.o
 .text.TIM_TI2_ConfigInputStage
                0x080013b8       0x26 Drivers/STM32F1xx_HAL_Driver/stm32f1xx_hal_tim.o
 .text.TIM_ETR_SetConfig
                0x080013de       0x16 Drivers/STM32F1xx_HAL_Driver/stm32f1xx_hal_tim.o
 .text.TIM_SlaveTimer_SetConfig
                0x080013f4       0x76 Drivers/STM32F1xx_HAL_Driver/stm32f1xx_hal_tim.o
 .text.HAL_TIM_Base_Start_IT
                0x0800146a       0x18 Drivers/STM32F1xx_HAL_Driver/stm32f1xx_hal_tim.o
                0x0800146a                HAL_TIM_Base_Start_IT
 .text.HAL_TIM_SlaveConfigSynchronization
                0x08001482       0x40 Drivers/STM32F1xx_HAL_Driver/stm32f1xx_hal_tim.o
                0x08001482                HAL_TIM_SlaveConfigSynchronization
 .text.HAL_TIM_OC_DelayElapsedCallback
                0x080014c2        0x2 Drivers/STM32F1xx_HAL_Driver/stm32f1xx_hal_tim.o
                0x080014c2                HAL_TIM_OC_DelayElapsedCallback
 .text.HAL_TIM_IC_CaptureCallback
                0x080014c4        0x2 Drivers/STM32F1xx_HAL_Driver/stm32f1xx_hal_tim.o
                0x080014c4                HAL_TIM_IC_CaptureCallback
 .text.HAL_TIM_PWM_PulseFinishedCallback
                0x080014c6        0x2 Drivers/STM32F1xx_HAL_Driver/stm32f1xx_hal_tim.o
                0x080014c6                HAL_TIM_PWM_PulseFinishedCallback
 .text.HAL_TIM_TriggerCallback
                0x080014c8        0x2 Drivers/STM32F1xx_HAL_Driver/stm32f1xx_hal_tim.o
                0x080014c8                HAL_TIM_TriggerCallback
 .text.HAL_TIM_IRQHandler
                0x080014ca      0x17a Drivers/STM32F1xx_HAL_Driver/stm32f1xx_hal_tim.o
                0x080014ca                HAL_TIM_IRQHandler
 .text.TIM_Base_SetConfig
                0x08001644       0x78 Drivers/STM32F1xx_HAL_Driver/stm32f1xx_hal_tim.o
                0x08001644                TIM_Base_SetConfig
 .text.HAL_TIM_Base_Init
                0x080016bc       0x32 Drivers/STM32F1xx_HAL_Driver/stm32f1xx_hal_tim.o
                0x080016bc                HAL_TIM_Base_Init
 .text.HAL_TIMEx_MasterConfigSynchronization
                0x080016ee       0x52 Drivers/STM32F1xx_HAL_Driver/stm32f1xx_hal_tim_ex.o
                0x080016ee                HAL_TIMEx_MasterConfigSynchronization
 .text.HAL_TIMEx_CommutationCallback
                0x08001740        0x2 Drivers/STM32F1xx_HAL_Driver/stm32f1xx_hal_tim_ex.o
                0x08001740                HAL_TIMEx_CommutationCallback
 .text.HAL_TIMEx_BreakCallback
                0x08001742        0x2 Drivers/STM32F1xx_HAL_Driver/stm32f1xx_hal_tim_ex.o
                0x08001742                HAL_TIMEx_BreakCallback
 .text.UART_EndTxTransfer
                0x08001744       0x12 Drivers/STM32F1xx_HAL_Driver/stm32f1xx_hal_uart.o
 .text.UART_EndRxTransfer
                0x08001756       0x1c Drivers/STM32F1xx_HAL_Driver/stm32f1xx_hal_uart.o
 .text.UART_Transmit_IT
                0x08001772       0x6a Drivers/STM32F1xx_HAL_Driver/stm32f1xx_hal_uart.o
 .text.UART_SetConfig
                0x080017dc      0x1b0 Drivers/STM32F1xx_HAL_Driver/stm32f1xx_hal_uart.o
 .text.HAL_UART_Init
                0x0800198c       0x5e Drivers/STM32F1xx_HAL_Driver/stm32f1xx_hal_uart.o
                0x0800198c                HAL_UART_Init
 *fill*         0x080019ea        0x2 
 .text.HAL_UART_Transmit_DMA
                0x080019ec       0x8c Drivers/STM32F1xx_HAL_Driver/stm32f1xx_hal_uart.o
                0x080019ec                HAL_UART_Transmit_DMA
 .text.HAL_UART_Receive_DMA
                0x08001a78       0xa8 Drivers/STM32F1xx_HAL_Driver/stm32f1xx_hal_uart.o
                0x08001a78                HAL_UART_Receive_DMA
 .text.HAL_UART_TxCpltCallback
                0x08001b20        0x2 Drivers/STM32F1xx_HAL_Driver/stm32f1xx_hal_uart.o
                0x08001b20                HAL_UART_TxCpltCallback
 .text.UART_DMATransmitCplt
                0x08001b22       0x30 Drivers/STM32F1xx_HAL_Driver/stm32f1xx_hal_uart.o
 .text.UART_EndTransmit_IT
                0x08001b52       0x1a Drivers/STM32F1xx_HAL_Driver/stm32f1xx_hal_uart.o
 .text.HAL_UART_TxHalfCpltCallback
                0x08001b6c        0x2 Drivers/STM32F1xx_HAL_Driver/stm32f1xx_hal_uart.o
                0x08001b6c                HAL_UART_TxHalfCpltCallback
 .text.UART_DMATxHalfCplt
                0x08001b6e        0xa Drivers/STM32F1xx_HAL_Driver/stm32f1xx_hal_uart.o
 .text.UART_DMAReceiveCplt
                0x08001b78       0x3e Drivers/STM32F1xx_HAL_Driver/stm32f1xx_hal_uart.o
 .text.UART_Receive_IT
                0x08001bb6       0x9e Drivers/STM32F1xx_HAL_Driver/stm32f1xx_hal_uart.o
 .text.HAL_UART_RxHalfCpltCallback
                0x08001c54        0x2 Drivers/STM32F1xx_HAL_Driver/stm32f1xx_hal_uart.o
                0x08001c54                HAL_UART_RxHalfCpltCallback
 .text.UART_DMARxHalfCplt
                0x08001c56        0xa Drivers/STM32F1xx_HAL_Driver/stm32f1xx_hal_uart.o
 .text.HAL_UART_ErrorCallback
                0x08001c60        0x2 Drivers/STM32F1xx_HAL_Driver/stm32f1xx_hal_uart.o
                0x08001c60                HAL_UART_ErrorCallback
 .text.UART_DMAError
                0x08001c62       0x58 Drivers/STM32F1xx_HAL_Driver/stm32f1xx_hal_uart.o
 *fill*         0x08001cba        0x2 
 .text.HAL_UART_IRQHandler
                0x08001cbc      0x120 Drivers/STM32F1xx_HAL_Driver/stm32f1xx_hal_uart.o
                0x08001cbc                HAL_UART_IRQHandler
 .text.UART_DMAAbortOnError
                0x08001ddc       0x10 Drivers/STM32F1xx_HAL_Driver/stm32f1xx_hal_uart.o
 .text.__libc_init_array
                0x08001dec       0x48 f:/stm/workbench/plugins/fr.ac6.mcu.externaltools.arm-none.win32_1.15.0.201708311556/tools/compiler/bin/../lib/gcc/arm-none-eabi/6.3.1/../../../../arm-none-eabi/lib/thumb/v7-m\libc_nano.a(lib_a-init.o)
                0x08001dec                __libc_init_array
 .text.sprintf  0x08001e34       0x48 f:/stm/workbench/plugins/fr.ac6.mcu.externaltools.arm-none.win32_1.15.0.201708311556/tools/compiler/bin/../lib/gcc/arm-none-eabi/6.3.1/../../../../arm-none-eabi/lib/thumb/v7-m\libc_nano.a(lib_a-sprintf.o)
                0x08001e34                siprintf
                0x08001e34                sprintf
 .text.__ssputs_r
                0x08001e7c       0xb6 f:/stm/workbench/plugins/fr.ac6.mcu.externaltools.arm-none.win32_1.15.0.201708311556/tools/compiler/bin/../lib/gcc/arm-none-eabi/6.3.1/../../../../arm-none-eabi/lib/thumb/v7-m\libc_nano.a(lib_a-nano-svfprintf.o)
                0x08001e7c                __ssputs_r
 *fill*         0x08001f32        0x2 
 .text._svfprintf_r
                0x08001f34      0x1e8 f:/stm/workbench/plugins/fr.ac6.mcu.externaltools.arm-none.win32_1.15.0.201708311556/tools/compiler/bin/../lib/gcc/arm-none-eabi/6.3.1/../../../../arm-none-eabi/lib/thumb/v7-m\libc_nano.a(lib_a-nano-svfprintf.o)
                0x08001f34                _svfiprintf_r
                0x08001f34                _svfprintf_r
 .text._printf_common
                0x0800211c       0xee f:/stm/workbench/plugins/fr.ac6.mcu.externaltools.arm-none.win32_1.15.0.201708311556/tools/compiler/bin/../lib/gcc/arm-none-eabi/6.3.1/../../../../arm-none-eabi/lib/thumb/v7-m\libc_nano.a(lib_a-nano-vfprintf_i.o)
                0x0800211c                _printf_common
 *fill*         0x0800220a        0x2 
 .text._printf_i
                0x0800220c      0x240 f:/stm/workbench/plugins/fr.ac6.mcu.externaltools.arm-none.win32_1.15.0.201708311556/tools/compiler/bin/../lib/gcc/arm-none-eabi/6.3.1/../../../../arm-none-eabi/lib/thumb/v7-m\libc_nano.a(lib_a-nano-vfprintf_i.o)
                0x0800220c                _printf_i
 .text.memchr   0x0800244c       0x1c f:/stm/workbench/plugins/fr.ac6.mcu.externaltools.arm-none.win32_1.15.0.201708311556/tools/compiler/bin/../lib/gcc/arm-none-eabi/6.3.1/../../../../arm-none-eabi/lib/thumb/v7-m\libc_nano.a(lib_a-memchr-stub.o)
                0x0800244c                memchr
 .text.memcpy   0x08002468       0x16 f:/stm/workbench/plugins/fr.ac6.mcu.externaltools.arm-none.win32_1.15.0.201708311556/tools/compiler/bin/../lib/gcc/arm-none-eabi/6.3.1/../../../../arm-none-eabi/lib/thumb/v7-m\libc_nano.a(lib_a-memcpy-stub.o)
                0x08002468                memcpy
 .text.memmove  0x0800247e       0x34 f:/stm/workbench/plugins/fr.ac6.mcu.externaltools.arm-none.win32_1.15.0.201708311556/tools/compiler/bin/../lib/gcc/arm-none-eabi/6.3.1/../../../../arm-none-eabi/lib/thumb/v7-m\libc_nano.a(lib_a-memmove.o)
                0x0800247e                memmove
 *fill*         0x080024b2        0x2 
 .text._free_r  0x080024b4       0x98 f:/stm/workbench/plugins/fr.ac6.mcu.externaltools.arm-none.win32_1.15.0.201708311556/tools/compiler/bin/../lib/gcc/arm-none-eabi/6.3.1/../../../../arm-none-eabi/lib/thumb/v7-m\libc_nano.a(lib_a-nano-freer.o)
                0x080024b4                _free_r
 .text._malloc_r
                0x0800254c       0xbc f:/stm/workbench/plugins/fr.ac6.mcu.externaltools.arm-none.win32_1.15.0.201708311556/tools/compiler/bin/../lib/gcc/arm-none-eabi/6.3.1/../../../../arm-none-eabi/lib/thumb/v7-m\libc_nano.a(lib_a-nano-mallocr.o)
                0x0800254c                _malloc_r
 .text._realloc_r
                0x08002608       0x4c f:/stm/workbench/plugins/fr.ac6.mcu.externaltools.arm-none.win32_1.15.0.201708311556/tools/compiler/bin/../lib/gcc/arm-none-eabi/6.3.1/../../../../arm-none-eabi/lib/thumb/v7-m\libc_nano.a(lib_a-nano-reallocr.o)
                0x08002608                _realloc_r
 .text._sbrk_r  0x08002654       0x20 f:/stm/workbench/plugins/fr.ac6.mcu.externaltools.arm-none.win32_1.15.0.201708311556/tools/compiler/bin/../lib/gcc/arm-none-eabi/6.3.1/../../../../arm-none-eabi/lib/thumb/v7-m\libc_nano.a(lib_a-sbrkr.o)
                0x08002654                _sbrk_r
 .text.__malloc_lock
                0x08002674        0x2 f:/stm/workbench/plugins/fr.ac6.mcu.externaltools.arm-none.win32_1.15.0.201708311556/tools/compiler/bin/../lib/gcc/arm-none-eabi/6.3.1/../../../../arm-none-eabi/lib/thumb/v7-m\libc_nano.a(lib_a-mlock.o)
                0x08002674                __malloc_lock
 .text.__malloc_unlock
                0x08002676        0x2 f:/stm/workbench/plugins/fr.ac6.mcu.externaltools.arm-none.win32_1.15.0.201708311556/tools/compiler/bin/../lib/gcc/arm-none-eabi/6.3.1/../../../../arm-none-eabi/lib/thumb/v7-m\libc_nano.a(lib_a-mlock.o)
                0x08002676                __malloc_unlock
 .text._malloc_usable_size_r
                0x08002678       0x12 f:/stm/workbench/plugins/fr.ac6.mcu.externaltools.arm-none.win32_1.15.0.201708311556/tools/compiler/bin/../lib/gcc/arm-none-eabi/6.3.1/../../../../arm-none-eabi/lib/thumb/v7-m\libc_nano.a(lib_a-nano-msizer.o)
                0x08002678                _malloc_usable_size_r
 *fill*         0x0800268a        0x2 
 .text._sbrk    0x0800268c       0x1c f:/stm/workbench/plugins/fr.ac6.mcu.externaltools.arm-none.win32_1.15.0.201708311556/tools/compiler/bin/../lib/gcc/arm-none-eabi/6.3.1/../../../../arm-none-eabi/lib/thumb/v7-m\libnosys.a(sbrk.o)
                0x0800268c                _sbrk
 *(.glue_7)
 .glue_7        0x080026a8        0x0 linker stubs
 *(.glue_7t)
 .glue_7t       0x080026a8        0x0 linker stubs
 *(.eh_frame)
 .eh_frame      0x080026a8        0x0 f:/stm/workbench/plugins/fr.ac6.mcu.externaltools.arm-none.win32_1.15.0.201708311556/tools/compiler/bin/../lib/gcc/arm-none-eabi/6.3.1/thumb/v7-m/crtbegin.o
 *(.init)
 .init          0x080026a8        0x4 f:/stm/workbench/plugins/fr.ac6.mcu.externaltools.arm-none.win32_1.15.0.201708311556/tools/compiler/bin/../lib/gcc/arm-none-eabi/6.3.1/thumb/v7-m/crti.o
                0x080026a8                _init
 .init          0x080026ac        0x8 f:/stm/workbench/plugins/fr.ac6.mcu.externaltools.arm-none.win32_1.15.0.201708311556/tools/compiler/bin/../lib/gcc/arm-none-eabi/6.3.1/thumb/v7-m/crtn.o
 *(.fini)
 .fini          0x080026b4        0x4 f:/stm/workbench/plugins/fr.ac6.mcu.externaltools.arm-none.win32_1.15.0.201708311556/tools/compiler/bin/../lib/gcc/arm-none-eabi/6.3.1/thumb/v7-m/crti.o
                0x080026b4                _fini
 .fini          0x080026b8        0x8 f:/stm/workbench/plugins/fr.ac6.mcu.externaltools.arm-none.win32_1.15.0.201708311556/tools/compiler/bin/../lib/gcc/arm-none-eabi/6.3.1/thumb/v7-m/crtn.o
                0x080026c0                . = ALIGN (0x4)
                0x080026c0                _etext = .

.vfp11_veneer   0x080026c0        0x0
 .vfp11_veneer  0x080026c0        0x0 linker stubs

.v4_bx          0x080026c0        0x0
 .v4_bx         0x080026c0        0x0 linker stubs

.iplt           0x080026c0        0x0
 .iplt          0x080026c0        0x0 f:/stm/workbench/plugins/fr.ac6.mcu.externaltools.arm-none.win32_1.15.0.201708311556/tools/compiler/bin/../lib/gcc/arm-none-eabi/6.3.1/thumb/v7-m/crtbegin.o

.rodata         0x080026c0       0xc8
                0x080026c0                . = ALIGN (0x4)
 *(.rodata)
 .rodata        0x080026c0       0x18 Drivers/CMSIS/system_stm32f1xx.o
                0x080026c0                AHBPrescTable
                0x080026d0                APBPrescTable
 .rodata        0x080026d8       0x12 Drivers/STM32F1xx_HAL_Driver/stm32f1xx_hal_rcc.o
 *(.rodata*)
 *fill*         0x080026ea        0x2 
 .rodata.str1.4
                0x080026ec       0x3b Application/User/main.o
 *fill*         0x08002727        0x1 
 .rodata.str1.4
                0x08002728       0x2c Application/User/stm32f1xx_hal_msp.o
 .rodata._svfprintf_r.str1.1
                0x08002754       0x11 f:/stm/workbench/plugins/fr.ac6.mcu.externaltools.arm-none.win32_1.15.0.201708311556/tools/compiler/bin/../lib/gcc/arm-none-eabi/6.3.1/../../../../arm-none-eabi/lib/thumb/v7-m\libc_nano.a(lib_a-nano-svfprintf.o)
 .rodata._printf_i.str1.1
                0x08002765       0x22 f:/stm/workbench/plugins/fr.ac6.mcu.externaltools.arm-none.win32_1.15.0.201708311556/tools/compiler/bin/../lib/gcc/arm-none-eabi/6.3.1/../../../../arm-none-eabi/lib/thumb/v7-m\libc_nano.a(lib_a-nano-vfprintf_i.o)
                0x08002788                . = ALIGN (0x4)
 *fill*         0x08002787        0x1 

.rel.dyn        0x08002788        0x0
 .rel.iplt      0x08002788        0x0 f:/stm/workbench/plugins/fr.ac6.mcu.externaltools.arm-none.win32_1.15.0.201708311556/tools/compiler/bin/../lib/gcc/arm-none-eabi/6.3.1/thumb/v7-m/crtbegin.o

.ARM.extab
 *(.ARM.extab* .gnu.linkonce.armextab.*)

.ARM            0x08002788        0x0
                0x08002788                __exidx_start = .
 *(.ARM.exidx*)
                0x08002788                __exidx_end = .

.preinit_array  0x08002788        0x0
                0x08002788                PROVIDE (__preinit_array_start, .)
 *(.preinit_array*)
                0x08002788                PROVIDE (__preinit_array_end, .)

.init_array     0x08002788        0x4
                0x08002788                PROVIDE (__init_array_start, .)
 *(SORT(.init_array.*))
 *(.init_array*)
 .init_array    0x08002788        0x4 f:/stm/workbench/plugins/fr.ac6.mcu.externaltools.arm-none.win32_1.15.0.201708311556/tools/compiler/bin/../lib/gcc/arm-none-eabi/6.3.1/thumb/v7-m/crtbegin.o
                0x0800278c                PROVIDE (__init_array_end, .)

.fini_array     0x0800278c        0x4
                [!provide]                PROVIDE (__fini_array_start, .)
 *(SORT(.fini_array.*))
 *(.fini_array*)
 .fini_array    0x0800278c        0x4 f:/stm/workbench/plugins/fr.ac6.mcu.externaltools.arm-none.win32_1.15.0.201708311556/tools/compiler/bin/../lib/gcc/arm-none-eabi/6.3.1/thumb/v7-m/crtbegin.o
                [!provide]                PROVIDE (__fini_array_end, .)
                0x08002790                _sidata = LOADADDR (.data)

.data           0x20000000       0x68 load address 0x08002790
                0x20000000                . = ALIGN (0x4)
                0x20000000                _sdata = .
 *(.data)
 .data          0x20000000        0x4 Drivers/CMSIS/system_stm32f1xx.o
                0x20000000                SystemCoreClock
 *(.data*)
 .data._impure_ptr
                0x20000004        0x4 f:/stm/workbench/plugins/fr.ac6.mcu.externaltools.arm-none.win32_1.15.0.201708311556/tools/compiler/bin/../lib/gcc/arm-none-eabi/6.3.1/../../../../arm-none-eabi/lib/thumb/v7-m\libc_nano.a(lib_a-impure.o)
                0x20000004                _impure_ptr
 .data.impure_data
                0x20000008       0x60 f:/stm/workbench/plugins/fr.ac6.mcu.externaltools.arm-none.win32_1.15.0.201708311556/tools/compiler/bin/../lib/gcc/arm-none-eabi/6.3.1/../../../../arm-none-eabi/lib/thumb/v7-m\libc_nano.a(lib_a-impure.o)
                0x20000068                . = ALIGN (0x4)
                0x20000068                _edata = .

.jcr            0x20000068        0x0 load address 0x080027f8
 .jcr           0x20000068        0x0 f:/stm/workbench/plugins/fr.ac6.mcu.externaltools.arm-none.win32_1.15.0.201708311556/tools/compiler/bin/../lib/gcc/arm-none-eabi/6.3.1/thumb/v7-m/crtbegin.o

.igot.plt       0x20000068        0x0 load address 0x080027f8
 .igot.plt      0x20000068        0x0 f:/stm/workbench/plugins/fr.ac6.mcu.externaltools.arm-none.win32_1.15.0.201708311556/tools/compiler/bin/../lib/gcc/arm-none-eabi/6.3.1/thumb/v7-m/crtbegin.o
                0x20000068                . = ALIGN (0x4)

.bss            0x20000068      0x170 load address 0x080027f8
                0x20000068                _sbss = .
                0x20000068                __bss_start__ = _sbss
 *(.bss)
 .bss           0x20000068       0x1c f:/stm/workbench/plugins/fr.ac6.mcu.externaltools.arm-none.win32_1.15.0.201708311556/tools/compiler/bin/../lib/gcc/arm-none-eabi/6.3.1/thumb/v7-m/crtbegin.o
 .bss           0x20000084        0x2 Application/User/main.o
                0x20000084                counter
 *(.bss*)
 *fill*         0x20000086        0x2 
 .bss.__malloc_free_list
                0x20000088        0x4 f:/stm/workbench/plugins/fr.ac6.mcu.externaltools.arm-none.win32_1.15.0.201708311556/tools/compiler/bin/../lib/gcc/arm-none-eabi/6.3.1/../../../../arm-none-eabi/lib/thumb/v7-m\libc_nano.a(lib_a-nano-mallocr.o)
                0x20000088                __malloc_free_list
 .bss.__malloc_sbrk_start
                0x2000008c        0x4 f:/stm/workbench/plugins/fr.ac6.mcu.externaltools.arm-none.win32_1.15.0.201708311556/tools/compiler/bin/../lib/gcc/arm-none-eabi/6.3.1/../../../../arm-none-eabi/lib/thumb/v7-m\libc_nano.a(lib_a-nano-mallocr.o)
                0x2000008c                __malloc_sbrk_start
 .bss.heap_end.4116
                0x20000090        0x4 f:/stm/workbench/plugins/fr.ac6.mcu.externaltools.arm-none.win32_1.15.0.201708311556/tools/compiler/bin/../lib/gcc/arm-none-eabi/6.3.1/../../../../arm-none-eabi/lib/thumb/v7-m\libnosys.a(sbrk.o)
 *(COMMON)
 COMMON         0x20000094      0x13c Application/User/main.o
                0x20000094                recieved
                0x200000a0                hdma_usart2_rx
                0x200000e4                htim4
                0x20000124                send
                0x2000014c                hdma_usart2_tx
                0x20000190                huart2
 COMMON         0x200001d0        0x4 Drivers/STM32F1xx_HAL_Driver/stm32f1xx_hal.o
                0x200001d0                uwTick
 COMMON         0x200001d4        0x4 f:/stm/workbench/plugins/fr.ac6.mcu.externaltools.arm-none.win32_1.15.0.201708311556/tools/compiler/bin/../lib/gcc/arm-none-eabi/6.3.1/../../../../arm-none-eabi/lib/thumb/v7-m\libc_nano.a(lib_a-reent.o)
                0x200001d4                errno
                0x200001d8                . = ALIGN (0x4)
                0x200001d8                _ebss = .
                0x200001d8                __bss_end__ = _ebss

._user_heap_stack
                0x200001d8      0x600 load address 0x080027f8
                0x200001d8                . = ALIGN (0x8)
                0x200001d8                PROVIDE (end, .)
                [!provide]                PROVIDE (_end, .)
                0x200003d8                . = (. + _Min_Heap_Size)
 *fill*         0x200001d8      0x200 
                0x200007d8                . = (. + _Min_Stack_Size)
 *fill*         0x200003d8      0x400 
                0x200007d8                . = ALIGN (0x8)

/DISCARD/
 libc.a(*)
 libm.a(*)
 libgcc.a(*)

.ARM.attributes
                0x00000000       0x29
 *(.ARM.attributes)
 .ARM.attributes
                0x00000000       0x1d f:/stm/workbench/plugins/fr.ac6.mcu.externaltools.arm-none.win32_1.15.0.201708311556/tools/compiler/bin/../lib/gcc/arm-none-eabi/6.3.1/thumb/v7-m/crti.o
 .ARM.attributes
                0x0000001d       0x2d f:/stm/workbench/plugins/fr.ac6.mcu.externaltools.arm-none.win32_1.15.0.201708311556/tools/compiler/bin/../lib/gcc/arm-none-eabi/6.3.1/thumb/v7-m/crtbegin.o
 .ARM.attributes
                0x0000004a       0x21 Application/SW4STM32/startup_stm32f103xb.o
 .ARM.attributes
                0x0000006b       0x33 Application/User/main.o
 .ARM.attributes
                0x0000009e       0x33 Application/User/stm32f1xx_hal_msp.o
 .ARM.attributes
                0x000000d1       0x33 Application/User/stm32f1xx_it.o
 .ARM.attributes
                0x00000104       0x33 Drivers/CMSIS/system_stm32f1xx.o
 .ARM.attributes
                0x00000137       0x33 Drivers/STM32F1xx_HAL_Driver/stm32f1xx_hal.o
 .ARM.attributes
                0x0000016a       0x33 Drivers/STM32F1xx_HAL_Driver/stm32f1xx_hal_cortex.o
 .ARM.attributes
                0x0000019d       0x33 Drivers/STM32F1xx_HAL_Driver/stm32f1xx_hal_dma.o
 .ARM.attributes
                0x000001d0       0x33 Drivers/STM32F1xx_HAL_Driver/stm32f1xx_hal_gpio.o
 .ARM.attributes
                0x00000203       0x33 Drivers/STM32F1xx_HAL_Driver/stm32f1xx_hal_rcc.o
 .ARM.attributes
                0x00000236       0x33 Drivers/STM32F1xx_HAL_Driver/stm32f1xx_hal_tim.o
 .ARM.attributes
                0x00000269       0x33 Drivers/STM32F1xx_HAL_Driver/stm32f1xx_hal_tim_ex.o
 .ARM.attributes
                0x0000029c       0x33 Drivers/STM32F1xx_HAL_Driver/stm32f1xx_hal_uart.o
 .ARM.attributes
                0x000002cf       0x2d f:/stm/workbench/plugins/fr.ac6.mcu.externaltools.arm-none.win32_1.15.0.201708311556/tools/compiler/bin/../lib/gcc/arm-none-eabi/6.3.1/../../../../arm-none-eabi/lib/thumb/v7-m\libc_nano.a(lib_a-impure.o)
 .ARM.attributes
                0x000002fc       0x2d f:/stm/workbench/plugins/fr.ac6.mcu.externaltools.arm-none.win32_1.15.0.201708311556/tools/compiler/bin/../lib/gcc/arm-none-eabi/6.3.1/../../../../arm-none-eabi/lib/thumb/v7-m\libc_nano.a(lib_a-init.o)
 .ARM.attributes
                0x00000329       0x2d f:/stm/workbench/plugins/fr.ac6.mcu.externaltools.arm-none.win32_1.15.0.201708311556/tools/compiler/bin/../lib/gcc/arm-none-eabi/6.3.1/../../../../arm-none-eabi/lib/thumb/v7-m\libc_nano.a(lib_a-sprintf.o)
 .ARM.attributes
                0x00000356       0x2d f:/stm/workbench/plugins/fr.ac6.mcu.externaltools.arm-none.win32_1.15.0.201708311556/tools/compiler/bin/../lib/gcc/arm-none-eabi/6.3.1/../../../../arm-none-eabi/lib/thumb/v7-m\libc_nano.a(lib_a-nano-svfprintf.o)
 .ARM.attributes
                0x00000383       0x2d f:/stm/workbench/plugins/fr.ac6.mcu.externaltools.arm-none.win32_1.15.0.201708311556/tools/compiler/bin/../lib/gcc/arm-none-eabi/6.3.1/../../../../arm-none-eabi/lib/thumb/v7-m\libc_nano.a(lib_a-nano-vfprintf_i.o)
 .ARM.attributes
                0x000003b0       0x2d f:/stm/workbench/plugins/fr.ac6.mcu.externaltools.arm-none.win32_1.15.0.201708311556/tools/compiler/bin/../lib/gcc/arm-none-eabi/6.3.1/../../../../arm-none-eabi/lib/thumb/v7-m\libc_nano.a(lib_a-memchr-stub.o)
 .ARM.attributes
                0x000003dd       0x2d f:/stm/workbench/plugins/fr.ac6.mcu.externaltools.arm-none.win32_1.15.0.201708311556/tools/compiler/bin/../lib/gcc/arm-none-eabi/6.3.1/../../../../arm-none-eabi/lib/thumb/v7-m\libc_nano.a(lib_a-memcpy-stub.o)
 .ARM.attributes
                0x0000040a       0x2d f:/stm/workbench/plugins/fr.ac6.mcu.externaltools.arm-none.win32_1.15.0.201708311556/tools/compiler/bin/../lib/gcc/arm-none-eabi/6.3.1/../../../../arm-none-eabi/lib/thumb/v7-m\libc_nano.a(lib_a-memmove.o)
 .ARM.attributes
                0x00000437       0x2d f:/stm/workbench/plugins/fr.ac6.mcu.externaltools.arm-none.win32_1.15.0.201708311556/tools/compiler/bin/../lib/gcc/arm-none-eabi/6.3.1/../../../../arm-none-eabi/lib/thumb/v7-m\libc_nano.a(lib_a-nano-freer.o)
 .ARM.attributes
                0x00000464       0x2d f:/stm/workbench/plugins/fr.ac6.mcu.externaltools.arm-none.win32_1.15.0.201708311556/tools/compiler/bin/../lib/gcc/arm-none-eabi/6.3.1/../../../../arm-none-eabi/lib/thumb/v7-m\libc_nano.a(lib_a-nano-mallocr.o)
 .ARM.attributes
                0x00000491       0x2d f:/stm/workbench/plugins/fr.ac6.mcu.externaltools.arm-none.win32_1.15.0.201708311556/tools/compiler/bin/../lib/gcc/arm-none-eabi/6.3.1/../../../../arm-none-eabi/lib/thumb/v7-m\libc_nano.a(lib_a-nano-reallocr.o)
 .ARM.attributes
                0x000004be       0x2d f:/stm/workbench/plugins/fr.ac6.mcu.externaltools.arm-none.win32_1.15.0.201708311556/tools/compiler/bin/../lib/gcc/arm-none-eabi/6.3.1/../../../../arm-none-eabi/lib/thumb/v7-m\libc_nano.a(lib_a-sbrkr.o)
 .ARM.attributes
                0x000004eb       0x2d f:/stm/workbench/plugins/fr.ac6.mcu.externaltools.arm-none.win32_1.15.0.201708311556/tools/compiler/bin/../lib/gcc/arm-none-eabi/6.3.1/../../../../arm-none-eabi/lib/thumb/v7-m\libc_nano.a(lib_a-mlock.o)
 .ARM.attributes
                0x00000518       0x2d f:/stm/workbench/plugins/fr.ac6.mcu.externaltools.arm-none.win32_1.15.0.201708311556/tools/compiler/bin/../lib/gcc/arm-none-eabi/6.3.1/../../../../arm-none-eabi/lib/thumb/v7-m\libc_nano.a(lib_a-nano-msizer.o)
 .ARM.attributes
                0x00000545       0x2d f:/stm/workbench/plugins/fr.ac6.mcu.externaltools.arm-none.win32_1.15.0.201708311556/tools/compiler/bin/../lib/gcc/arm-none-eabi/6.3.1/../../../../arm-none-eabi/lib/thumb/v7-m\libc_nano.a(lib_a-reent.o)
 .ARM.attributes
                0x00000572       0x2d f:/stm/workbench/plugins/fr.ac6.mcu.externaltools.arm-none.win32_1.15.0.201708311556/tools/compiler/bin/../lib/gcc/arm-none-eabi/6.3.1/../../../../arm-none-eabi/lib/thumb/v7-m\libnosys.a(sbrk.o)
 .ARM.attributes
                0x0000059f       0x1d f:/stm/workbench/plugins/fr.ac6.mcu.externaltools.arm-none.win32_1.15.0.201708311556/tools/compiler/bin/../lib/gcc/arm-none-eabi/6.3.1/thumb/v7-m/crtn.o
OUTPUT(Bringup.elf elf32-littlearm)

.debug_line     0x00000000     0x7bcc
 .debug_line    0x00000000       0x8f Application/SW4STM32/startup_stm32f103xb.o
 .debug_line    0x0000008f      0x77d Application/User/main.o
 .debug_line    0x0000080c      0x722 Application/User/stm32f1xx_hal_msp.o
 .debug_line    0x00000f2e      0x781 Application/User/stm32f1xx_it.o
 .debug_line    0x000016af      0x6db Drivers/CMSIS/system_stm32f1xx.o
 .debug_line    0x00001d8a      0x814 Drivers/STM32F1xx_HAL_Driver/stm32f1xx_hal.o
 .debug_line    0x0000259e      0x856 Drivers/STM32F1xx_HAL_Driver/stm32f1xx_hal_cortex.o
 .debug_line    0x00002df4      0xa16 Drivers/STM32F1xx_HAL_Driver/stm32f1xx_hal_dma.o
 .debug_line    0x0000380a      0x858 Drivers/STM32F1xx_HAL_Driver/stm32f1xx_hal_gpio.o
 .debug_line    0x00004062      0x94b Drivers/STM32F1xx_HAL_Driver/stm32f1xx_hal_rcc.o
 .debug_line    0x000049ad     0x1661 Drivers/STM32F1xx_HAL_Driver/stm32f1xx_hal_tim.o
 .debug_line    0x0000600e      0xc36 Drivers/STM32F1xx_HAL_Driver/stm32f1xx_hal_tim_ex.o
 .debug_line    0x00006c44      0xf88 Drivers/STM32F1xx_HAL_Driver/stm32f1xx_hal_uart.o

.debug_info     0x00000000    0x112e4
 .debug_info    0x00000000       0x82 Application/SW4STM32/startup_stm32f103xb.o
 .debug_info    0x00000082     0x1b08 Application/User/main.o
 .debug_info    0x00001b8a     0x1689 Application/User/stm32f1xx_hal_msp.o
 .debug_info    0x00003213     0x118d Application/User/stm32f1xx_it.o
 .debug_info    0x000043a0      0xc1b Drivers/CMSIS/system_stm32f1xx.o
 .debug_info    0x00004fbb      0xee6 Drivers/STM32F1xx_HAL_Driver/stm32f1xx_hal.o
 .debug_info    0x00005ea1     0x147b Drivers/STM32F1xx_HAL_Driver/stm32f1xx_hal_cortex.o
 .debug_info    0x0000731c     0x1017 Drivers/STM32F1xx_HAL_Driver/stm32f1xx_hal_dma.o
 .debug_info    0x00008333      0xe8b Drivers/STM32F1xx_HAL_Driver/stm32f1xx_hal_gpio.o
 .debug_info    0x000091be     0x1181 Drivers/STM32F1xx_HAL_Driver/stm32f1xx_hal_rcc.o
 .debug_info    0x0000a33f     0x3656 Drivers/STM32F1xx_HAL_Driver/stm32f1xx_hal_tim.o
 .debug_info    0x0000d995     0x1ad1 Drivers/STM32F1xx_HAL_Driver/stm32f1xx_hal_tim_ex.o
 .debug_info    0x0000f466     0x1e7e Drivers/STM32F1xx_HAL_Driver/stm32f1xx_hal_uart.o

.debug_abbrev   0x00000000     0x21d7
 .debug_abbrev  0x00000000       0x12 Application/SW4STM32/startup_stm32f103xb.o
 .debug_abbrev  0x00000012      0x2e9 Application/User/main.o
 .debug_abbrev  0x000002fb      0x26c Application/User/stm32f1xx_hal_msp.o
 .debug_abbrev  0x00000567      0x234 Application/User/stm32f1xx_it.o
 .debug_abbrev  0x0000079b      0x226 Drivers/CMSIS/system_stm32f1xx.o
 .debug_abbrev  0x000009c1      0x2e5 Drivers/STM32F1xx_HAL_Driver/stm32f1xx_hal.o
 .debug_abbrev  0x00000ca6      0x3cb Drivers/STM32F1xx_HAL_Driver/stm32f1xx_hal_cortex.o
 .debug_abbrev  0x00001071      0x2d4 Drivers/STM32F1xx_HAL_Driver/stm32f1xx_hal_dma.o
 .debug_abbrev  0x00001345      0x2a5 Drivers/STM32F1xx_HAL_Driver/stm32f1xx_hal_gpio.o
 .debug_abbrev  0x000015ea      0x320 Drivers/STM32F1xx_HAL_Driver/stm32f1xx_hal_rcc.o
 .debug_abbrev  0x0000190a      0x2eb Drivers/STM32F1xx_HAL_Driver/stm32f1xx_hal_tim.o
 .debug_abbrev  0x00001bf5      0x2dc Drivers/STM32F1xx_HAL_Driver/stm32f1xx_hal_tim_ex.o
 .debug_abbrev  0x00001ed1      0x306 Drivers/STM32F1xx_HAL_Driver/stm32f1xx_hal_uart.o

.debug_aranges  0x00000000      0xaa0
 .debug_aranges
                0x00000000       0x28 Application/SW4STM32/startup_stm32f103xb.o
 .debug_aranges
                0x00000028       0x68 Application/User/main.o
 .debug_aranges
                0x00000090       0x40 Application/User/stm32f1xx_hal_msp.o
 .debug_aranges
                0x000000d0       0x88 Application/User/stm32f1xx_it.o
 .debug_aranges
                0x00000158       0x28 Drivers/CMSIS/system_stm32f1xx.o
 .debug_aranges
                0x00000180       0xb8 Drivers/STM32F1xx_HAL_Driver/stm32f1xx_hal.o
 .debug_aranges
                0x00000238       0x90 Drivers/STM32F1xx_HAL_Driver/stm32f1xx_hal_cortex.o
 .debug_aranges
                0x000002c8       0x80 Drivers/STM32F1xx_HAL_Driver/stm32f1xx_hal_dma.o
 .debug_aranges
                0x00000348       0x58 Drivers/STM32F1xx_HAL_Driver/stm32f1xx_hal_gpio.o
 .debug_aranges
                0x000003a0       0x90 Drivers/STM32F1xx_HAL_Driver/stm32f1xx_hal_rcc.o
 .debug_aranges
                0x00000430      0x368 Drivers/STM32F1xx_HAL_Driver/stm32f1xx_hal_tim.o
 .debug_aranges
                0x00000798      0x138 Drivers/STM32F1xx_HAL_Driver/stm32f1xx_hal_tim_ex.o
 .debug_aranges
                0x000008d0      0x1d0 Drivers/STM32F1xx_HAL_Driver/stm32f1xx_hal_uart.o

.debug_ranges   0x00000000      0xa58
 .debug_ranges  0x00000000       0x20 Application/SW4STM32/startup_stm32f103xb.o
 .debug_ranges  0x00000020       0x58 Application/User/main.o
 .debug_ranges  0x00000078       0x30 Application/User/stm32f1xx_hal_msp.o
 .debug_ranges  0x000000a8       0x78 Application/User/stm32f1xx_it.o
 .debug_ranges  0x00000120       0x18 Drivers/CMSIS/system_stm32f1xx.o
 .debug_ranges  0x00000138       0xa8 Drivers/STM32F1xx_HAL_Driver/stm32f1xx_hal.o
 .debug_ranges  0x000001e0       0xe0 Drivers/STM32F1xx_HAL_Driver/stm32f1xx_hal_cortex.o
 .debug_ranges  0x000002c0       0x70 Drivers/STM32F1xx_HAL_Driver/stm32f1xx_hal_dma.o
 .debug_ranges  0x00000330       0x48 Drivers/STM32F1xx_HAL_Driver/stm32f1xx_hal_gpio.o
 .debug_ranges  0x00000378       0xa0 Drivers/STM32F1xx_HAL_Driver/stm32f1xx_hal_rcc.o
 .debug_ranges  0x00000418      0x358 Drivers/STM32F1xx_HAL_Driver/stm32f1xx_hal_tim.o
 .debug_ranges  0x00000770      0x128 Drivers/STM32F1xx_HAL_Driver/stm32f1xx_hal_tim_ex.o
 .debug_ranges  0x00000898      0x1c0 Drivers/STM32F1xx_HAL_Driver/stm32f1xx_hal_uart.o

.debug_loc      0x00000000     0x706f
 .debug_loc     0x00000000       0x63 Application/User/main.o
 .debug_loc     0x00000063       0xa5 Application/User/stm32f1xx_hal_msp.o
 .debug_loc     0x00000108       0xdf Drivers/CMSIS/system_stm32f1xx.o
 .debug_loc     0x000001e7       0x69 Drivers/STM32F1xx_HAL_Driver/stm32f1xx_hal.o
 .debug_loc     0x00000250      0x5ad Drivers/STM32F1xx_HAL_Driver/stm32f1xx_hal_cortex.o
 .debug_loc     0x000007fd      0x71b Drivers/STM32F1xx_HAL_Driver/stm32f1xx_hal_dma.o
 .debug_loc     0x00000f18      0x42d Drivers/STM32F1xx_HAL_Driver/stm32f1xx_hal_gpio.o
 .debug_loc     0x00001345      0x483 Drivers/STM32F1xx_HAL_Driver/stm32f1xx_hal_rcc.o
 .debug_loc     0x000017c8     0x34d2 Drivers/STM32F1xx_HAL_Driver/stm32f1xx_hal_tim.o
 .debug_loc     0x00004c9a      0xec0 Drivers/STM32F1xx_HAL_Driver/stm32f1xx_hal_tim_ex.o
 .debug_loc     0x00005b5a     0x1515 Drivers/STM32F1xx_HAL_Driver/stm32f1xx_hal_uart.o

.debug_macro    0x00000000    0x152c6
 .debug_macro   0x00000000      0x2ea Application/User/main.o
 .debug_macro   0x000002ea      0x8bc Application/User/main.o
 .debug_macro   0x00000ba6       0x2e Application/User/main.o
 .debug_macro   0x00000bd4      0x16f Application/User/main.o
 .debug_macro   0x00000d43       0x2e Application/User/main.o
 .debug_macro   0x00000d71       0x22 Application/User/main.o
 .debug_macro   0x00000d93       0x22 Application/User/main.o
 .debug_macro   0x00000db5       0x87 Application/User/main.o
 .debug_macro   0x00000e3c       0x51 Application/User/main.o
 .debug_macro   0x00000e8d       0xef Application/User/main.o
 .debug_macro   0x00000f7c       0x6a Application/User/main.o
 .debug_macro   0x00000fe6      0x1df Application/User/main.o
 .debug_macro   0x000011c5       0x34 Application/User/main.o
 .debug_macro   0x000011f9       0x34 Application/User/main.o
 .debug_macro   0x0000122d      0xb8e Application/User/main.o
 .debug_macro   0x00001dbb     0xe90a Application/User/main.o
 .debug_macro   0x000106c5       0x43 Application/User/main.o
 .debug_macro   0x00010708       0x58 Application/User/main.o
 .debug_macro   0x00010760       0x35 Application/User/main.o
 .debug_macro   0x00010795       0x9c Application/User/main.o
 .debug_macro   0x00010831       0x16 Application/User/main.o
 .debug_macro   0x00010847       0x97 Application/User/main.o
 .debug_macro   0x000108de      0x330 Application/User/main.o
 .debug_macro   0x00010c0e       0xfd Application/User/main.o
 .debug_macro   0x00010d0b       0x10 Application/User/main.o
 .debug_macro   0x00010d1b       0x58 Application/User/main.o
 .debug_macro   0x00010d73       0x1f Application/User/main.o
 .debug_macro   0x00010d92       0x43 Application/User/main.o
 .debug_macro   0x00010dd5       0x20 Application/User/main.o
 .debug_macro   0x00010df5      0x187 Application/User/main.o
 .debug_macro   0x00010f7c       0x10 Application/User/main.o
 .debug_macro   0x00010f8c       0x1c Application/User/main.o
 .debug_macro   0x00010fa8       0x52 Application/User/main.o
 .debug_macro   0x00010ffa       0x40 Application/User/main.o
 .debug_macro   0x0001103a       0x10 Application/User/main.o
 .debug_macro   0x0001104a       0x40 Application/User/main.o
 .debug_macro   0x0001108a       0xd7 Application/User/main.o
 .debug_macro   0x00011161       0x16 Application/User/main.o
 .debug_macro   0x00011177      0x18b Application/User/main.o
 .debug_macro   0x00011302       0x50 Application/User/main.o
 .debug_macro   0x00011352      0x5c2 Application/User/main.o
 .debug_macro   0x00011914      0x28b Application/User/main.o
 .debug_macro   0x00011b9f      0x1cb Application/User/main.o
 .debug_macro   0x00011d6a      0x11e Application/User/main.o
 .debug_macro   0x00011e88      0x197 Application/User/main.o
 .debug_macro   0x0001201f       0x27 Application/User/main.o
 .debug_macro   0x00012046      0x1bc Application/User/main.o
 .debug_macro   0x00012202       0x34 Application/User/main.o
 .debug_macro   0x00012236       0x3c Application/User/main.o
 .debug_macro   0x00012272       0x57 Application/User/main.o
 .debug_macro   0x000122c9       0x8c Application/User/main.o
 .debug_macro   0x00012355      0x242 Application/User/main.o
 .debug_macro   0x00012597      0x143 Application/User/main.o
 .debug_macro   0x000126da      0x84c Application/User/main.o
 .debug_macro   0x00012f26       0x1f Application/User/main.o
 .debug_macro   0x00012f45      0x26b Application/User/main.o
 .debug_macro   0x000131b0       0x7c Application/User/main.o
 .debug_macro   0x0001322c      0x2e6 Application/User/stm32f1xx_hal_msp.o
 .debug_macro   0x00013512      0x2f0 Application/User/stm32f1xx_it.o
 .debug_macro   0x00013802      0x2ec Drivers/CMSIS/system_stm32f1xx.o
 .debug_macro   0x00013aee      0x30a Drivers/STM32F1xx_HAL_Driver/stm32f1xx_hal.o
 .debug_macro   0x00013df8      0x2e6 Drivers/STM32F1xx_HAL_Driver/stm32f1xx_hal_cortex.o
 .debug_macro   0x000140de      0x2e6 Drivers/STM32F1xx_HAL_Driver/stm32f1xx_hal_dma.o
 .debug_macro   0x000143c4      0x356 Drivers/STM32F1xx_HAL_Driver/stm32f1xx_hal_gpio.o
 .debug_macro   0x0001471a      0x2f8 Drivers/STM32F1xx_HAL_Driver/stm32f1xx_hal_rcc.o
 .debug_macro   0x00014a12      0x2e7 Drivers/STM32F1xx_HAL_Driver/stm32f1xx_hal_tim.o
 .debug_macro   0x00014cf9      0x2e6 Drivers/STM32F1xx_HAL_Driver/stm32f1xx_hal_tim_ex.o
 .debug_macro   0x00014fdf      0x2e7 Drivers/STM32F1xx_HAL_Driver/stm32f1xx_hal_uart.o

.debug_str      0x00000000    0x71243
 .debug_str     0x00000000    0x6ec54 Application/User/main.o
                              0x6f033 (size before relaxing)
 .debug_str     0x0006ec54      0x11d Application/User/stm32f1xx_hal_msp.o
                              0x6ed29 (size before relaxing)
 .debug_str     0x0006ed71      0x1a8 Application/User/stm32f1xx_it.o
                              0x6e9f2 (size before relaxing)
 .debug_str     0x0006ef19       0xce Drivers/CMSIS/system_stm32f1xx.o
                              0x6e3db (size before relaxing)
 .debug_str     0x0006efe7      0x375 Drivers/STM32F1xx_HAL_Driver/stm32f1xx_hal.o
                              0x6e9de (size before relaxing)
 .debug_str     0x0006f35c      0x23a Drivers/STM32F1xx_HAL_Driver/stm32f1xx_hal_cortex.o
                              0x6e9e9 (size before relaxing)
 .debug_str     0x0006f596      0x221 Drivers/STM32F1xx_HAL_Driver/stm32f1xx_hal_dma.o
                              0x6e74d (size before relaxing)
 .debug_str     0x0006f7b7      0x2bb Drivers/STM32F1xx_HAL_Driver/stm32f1xx_hal_gpio.o
                              0x6e730 (size before relaxing)
 .debug_str     0x0006fa72      0x22f Drivers/STM32F1xx_HAL_Driver/stm32f1xx_hal_rcc.o
                              0x6e785 (size before relaxing)
 .debug_str     0x0006fca1      0xc53 Drivers/STM32F1xx_HAL_Driver/stm32f1xx_hal_tim.o
                              0x6f485 (size before relaxing)
 .debug_str     0x000708f4      0x492 Drivers/STM32F1xx_HAL_Driver/stm32f1xx_hal_tim_ex.o
                              0x6ed27 (size before relaxing)
 .debug_str     0x00070d86      0x4bd Drivers/STM32F1xx_HAL_Driver/stm32f1xx_hal_uart.o
                              0x6ec9e (size before relaxing)

.comment        0x00000000       0x7f
 .comment       0x00000000       0x7f Application/User/main.o
                                 0x80 (size before relaxing)
 .comment       0x0000007f       0x80 Application/User/stm32f1xx_hal_msp.o
 .comment       0x0000007f       0x80 Application/User/stm32f1xx_it.o
 .comment       0x0000007f       0x80 Drivers/CMSIS/system_stm32f1xx.o
 .comment       0x0000007f       0x80 Drivers/STM32F1xx_HAL_Driver/stm32f1xx_hal.o
 .comment       0x0000007f       0x80 Drivers/STM32F1xx_HAL_Driver/stm32f1xx_hal_cortex.o
 .comment       0x0000007f       0x80 Drivers/STM32F1xx_HAL_Driver/stm32f1xx_hal_dma.o
 .comment       0x0000007f       0x80 Drivers/STM32F1xx_HAL_Driver/stm32f1xx_hal_gpio.o
 .comment       0x0000007f       0x80 Drivers/STM32F1xx_HAL_Driver/stm32f1xx_hal_rcc.o
 .comment       0x0000007f       0x80 Drivers/STM32F1xx_HAL_Driver/stm32f1xx_hal_tim.o
 .comment       0x0000007f       0x80 Drivers/STM32F1xx_HAL_Driver/stm32f1xx_hal_tim_ex.o
 .comment       0x0000007f       0x80 Drivers/STM32F1xx_HAL_Driver/stm32f1xx_hal_uart.o

.debug_frame    0x00000000     0x1f18
 .debug_frame   0x00000000      0x11c Application/User/main.o
 .debug_frame   0x0000011c       0xa0 Application/User/stm32f1xx_hal_msp.o
 .debug_frame   0x000001bc      0x120 Application/User/stm32f1xx_it.o
 .debug_frame   0x000002dc       0x30 Drivers/CMSIS/system_stm32f1xx.o
 .debug_frame   0x0000030c      0x178 Drivers/STM32F1xx_HAL_Driver/stm32f1xx_hal.o
 .debug_frame   0x00000484      0x12c Drivers/STM32F1xx_HAL_Driver/stm32f1xx_hal_cortex.o
 .debug_frame   0x000005b0      0x148 Drivers/STM32F1xx_HAL_Driver/stm32f1xx_hal_dma.o
 .debug_frame   0x000006f8       0xe4 Drivers/STM32F1xx_HAL_Driver/stm32f1xx_hal_gpio.o
 .debug_frame   0x000007dc      0x164 Drivers/STM32F1xx_HAL_Driver/stm32f1xx_hal_rcc.o
 .debug_frame   0x00000940      0x9e0 Drivers/STM32F1xx_HAL_Driver/stm32f1xx_hal_tim.o
 .debug_frame   0x00001320      0x374 Drivers/STM32F1xx_HAL_Driver/stm32f1xx_hal_tim_ex.o
 .debug_frame   0x00001694      0x4e8 Drivers/STM32F1xx_HAL_Driver/stm32f1xx_hal_uart.o
 .debug_frame   0x00001b7c       0x2c f:/stm/workbench/plugins/fr.ac6.mcu.externaltools.arm-none.win32_1.15.0.201708311556/tools/compiler/bin/../lib/gcc/arm-none-eabi/6.3.1/../../../../arm-none-eabi/lib/thumb/v7-m\libc_nano.a(lib_a-init.o)
 .debug_frame   0x00001ba8       0x70 f:/stm/workbench/plugins/fr.ac6.mcu.externaltools.arm-none.win32_1.15.0.201708311556/tools/compiler/bin/../lib/gcc/arm-none-eabi/6.3.1/../../../../arm-none-eabi/lib/thumb/v7-m\libc_nano.a(lib_a-sprintf.o)
 .debug_frame   0x00001c18       0x90 f:/stm/workbench/plugins/fr.ac6.mcu.externaltools.arm-none.win32_1.15.0.201708311556/tools/compiler/bin/../lib/gcc/arm-none-eabi/6.3.1/../../../../arm-none-eabi/lib/thumb/v7-m\libc_nano.a(lib_a-nano-svfprintf.o)
 .debug_frame   0x00001ca8       0x60 f:/stm/workbench/plugins/fr.ac6.mcu.externaltools.arm-none.win32_1.15.0.201708311556/tools/compiler/bin/../lib/gcc/arm-none-eabi/6.3.1/../../../../arm-none-eabi/lib/thumb/v7-m\libc_nano.a(lib_a-nano-vfprintf_i.o)
 .debug_frame   0x00001d08       0x28 f:/stm/workbench/plugins/fr.ac6.mcu.externaltools.arm-none.win32_1.15.0.201708311556/tools/compiler/bin/../lib/gcc/arm-none-eabi/6.3.1/../../../../arm-none-eabi/lib/thumb/v7-m\libc_nano.a(lib_a-memchr-stub.o)
 .debug_frame   0x00001d30       0x28 f:/stm/workbench/plugins/fr.ac6.mcu.externaltools.arm-none.win32_1.15.0.201708311556/tools/compiler/bin/../lib/gcc/arm-none-eabi/6.3.1/../../../../arm-none-eabi/lib/thumb/v7-m\libc_nano.a(lib_a-memcpy-stub.o)
 .debug_frame   0x00001d58       0x28 f:/stm/workbench/plugins/fr.ac6.mcu.externaltools.arm-none.win32_1.15.0.201708311556/tools/compiler/bin/../lib/gcc/arm-none-eabi/6.3.1/../../../../arm-none-eabi/lib/thumb/v7-m\libc_nano.a(lib_a-memmove.o)
 .debug_frame   0x00001d80       0x38 f:/stm/workbench/plugins/fr.ac6.mcu.externaltools.arm-none.win32_1.15.0.201708311556/tools/compiler/bin/../lib/gcc/arm-none-eabi/6.3.1/../../../../arm-none-eabi/lib/thumb/v7-m\libc_nano.a(lib_a-nano-freer.o)
 .debug_frame   0x00001db8       0x2c f:/stm/workbench/plugins/fr.ac6.mcu.externaltools.arm-none.win32_1.15.0.201708311556/tools/compiler/bin/../lib/gcc/arm-none-eabi/6.3.1/../../../../arm-none-eabi/lib/thumb/v7-m\libc_nano.a(lib_a-nano-mallocr.o)
 .debug_frame   0x00001de4       0x3c f:/stm/workbench/plugins/fr.ac6.mcu.externaltools.arm-none.win32_1.15.0.201708311556/tools/compiler/bin/../lib/gcc/arm-none-eabi/6.3.1/../../../../arm-none-eabi/lib/thumb/v7-m\libc_nano.a(lib_a-nano-reallocr.o)
 .debug_frame   0x00001e20       0x2c f:/stm/workbench/plugins/fr.ac6.mcu.externaltools.arm-none.win32_1.15.0.201708311556/tools/compiler/bin/../lib/gcc/arm-none-eabi/6.3.1/../../../../arm-none-eabi/lib/thumb/v7-m\libc_nano.a(lib_a-sbrkr.o)
 .debug_frame   0x00001e4c       0x30 f:/stm/workbench/plugins/fr.ac6.mcu.externaltools.arm-none.win32_1.15.0.201708311556/tools/compiler/bin/../lib/gcc/arm-none-eabi/6.3.1/../../../../arm-none-eabi/lib/thumb/v7-m\libc_nano.a(lib_a-mlock.o)
 .debug_frame   0x00001e7c       0x20 f:/stm/workbench/plugins/fr.ac6.mcu.externaltools.arm-none.win32_1.15.0.201708311556/tools/compiler/bin/../lib/gcc/arm-none-eabi/6.3.1/../../../../arm-none-eabi/lib/thumb/v7-m\libc_nano.a(lib_a-nano-msizer.o)
 .debug_frame   0x00001e9c       0x5c f:/stm/workbench/plugins/fr.ac6.mcu.externaltools.arm-none.win32_1.15.0.201708311556/tools/compiler/bin/../lib/gcc/arm-none-eabi/6.3.1/../../../../arm-none-eabi/lib/thumb/v7-m\libc_nano.a(lib_a-reent.o)
 .debug_frame   0x00001ef8       0x20 f:/stm/workbench/plugins/fr.ac6.mcu.externaltools.arm-none.win32_1.15.0.201708311556/tools/compiler/bin/../lib/gcc/arm-none-eabi/6.3.1/../../../../arm-none-eabi/lib/thumb/v7-m\libnosys.a(sbrk.o)
